{
  "Entries": [
    {
      "RequestUri": "/subscriptions/b3ee3a7f-7614-4644-ad07-afa832620b4b/resourcegroups/onesdk3413?api-version=2016-02-01",
      "EncodedRequestUri": "L3N1YnNjcmlwdGlvbnMvYjNlZTNhN2YtNzYxNC00NjQ0LWFkMDctYWZhODMyNjIwYjRiL3Jlc291cmNlZ3JvdXBzL29uZXNkazM0MTM/YXBpLXZlcnNpb249MjAxNi0wMi0wMQ==",
      "RequestMethod": "PUT",
      "RequestBody": "{\r\n  \"location\": \"Japan East\"\r\n}",
      "RequestHeaders": {
        "Content-Type": [
          "application/json; charset=utf-8"
        ],
        "Content-Length": [
          "32"
        ],
        "User-Agent": [
          "Microsoft.Azure.Management.Resources.ResourceManagementClient/2.0.0.0"
        ]
      },
      "ResponseBody": "{\r\n  \"id\": \"/subscriptions/b3ee3a7f-7614-4644-ad07-afa832620b4b/resourceGroups/onesdk3413\",\r\n  \"name\": \"onesdk3413\",\r\n  \"location\": \"japaneast\",\r\n  \"properties\": {\r\n    \"provisioningState\": \"Succeeded\"\r\n  }\r\n}",
      "ResponseHeaders": {
        "Content-Length": [
          "176"
        ],
        "Content-Type": [
          "application/json; charset=utf-8"
        ],
        "Expires": [
          "-1"
        ],
        "Pragma": [
          "no-cache"
        ],
        "x-ms-ratelimit-remaining-subscription-writes": [
          "1178"
        ],
        "x-ms-request-id": [
          "bd89ce8e-1456-4611-8b1c-d3395f23074f"
        ],
        "x-ms-correlation-request-id": [
          "bd89ce8e-1456-4611-8b1c-d3395f23074f"
        ],
        "x-ms-routing-request-id": [
          "CENTRALUS:20170524T143851Z:bd89ce8e-1456-4611-8b1c-d3395f23074f"
        ],
        "Strict-Transport-Security": [
          "max-age=31536000; includeSubDomains"
        ],
        "Cache-Control": [
          "no-cache"
        ],
        "Date": [
          "Wed, 24 May 2017 14:38:50 GMT"
        ]
      },
      "StatusCode": 201
    },
    {
      "RequestUri": "/subscriptions/b3ee3a7f-7614-4644-ad07-afa832620b4b/resourceGroups/onesdk3413/providers/Microsoft.Sql/servers/onesdk979?api-version=2014-04-01",
      "EncodedRequestUri": "L3N1YnNjcmlwdGlvbnMvYjNlZTNhN2YtNzYxNC00NjQ0LWFkMDctYWZhODMyNjIwYjRiL3Jlc291cmNlR3JvdXBzL29uZXNkazM0MTMvcHJvdmlkZXJzL01pY3Jvc29mdC5TcWwvc2VydmVycy9vbmVzZGs5Nzk/YXBpLXZlcnNpb249MjAxNC0wNC0wMQ==",
      "RequestMethod": "GET",
      "RequestBody": "",
      "RequestHeaders": {
        "x-ms-client-request-id": [
          "911380ed-f597-4227-91f5-bcd1bf2428e3"
        ],
        "accept-language": [
          "en-US"
        ],
        "User-Agent": [
          "FxVersion/4.7.2046.0",
          "OSName/Windows10Enterprise",
          "OSVersion/6.3.15063",
          "Microsoft.Azure.Management.Sql.SqlManagementClient/1.3.0.0"
        ]
      },
      "ResponseBody": "{\r\n  \"error\": {\r\n    \"code\": \"ResourceNotFound\",\r\n    \"message\": \"The Resource 'Microsoft.Sql/servers/onesdk979' under resource group 'onesdk3413' was not found.\"\r\n  }\r\n}",
      "ResponseHeaders": {
        "Content-Length": [
          "145"
        ],
        "Content-Type": [
          "application/json; charset=utf-8"
        ],
        "Expires": [
          "-1"
        ],
        "Pragma": [
          "no-cache"
        ],
        "x-ms-failure-cause": [
          "gateway"
        ],
        "x-ms-request-id": [
          "5fae7882-679a-47e9-b6af-9ec3c842fb66"
        ],
        "x-ms-correlation-request-id": [
          "5fae7882-679a-47e9-b6af-9ec3c842fb66"
        ],
        "x-ms-routing-request-id": [
          "CENTRALUS:20170524T143853Z:5fae7882-679a-47e9-b6af-9ec3c842fb66"
        ],
        "Strict-Transport-Security": [
          "max-age=31536000; includeSubDomains"
        ],
        "Cache-Control": [
          "no-cache"
        ],
        "Date": [
          "Wed, 24 May 2017 14:38:52 GMT"
        ]
      },
      "StatusCode": 404
    },
    {
      "RequestUri": "/subscriptions/b3ee3a7f-7614-4644-ad07-afa832620b4b/resourceGroups/onesdk3413/providers/Microsoft.Sql/servers/onesdk979?api-version=2014-04-01",
      "EncodedRequestUri": "L3N1YnNjcmlwdGlvbnMvYjNlZTNhN2YtNzYxNC00NjQ0LWFkMDctYWZhODMyNjIwYjRiL3Jlc291cmNlR3JvdXBzL29uZXNkazM0MTMvcHJvdmlkZXJzL01pY3Jvc29mdC5TcWwvc2VydmVycy9vbmVzZGs5Nzk/YXBpLXZlcnNpb249MjAxNC0wNC0wMQ==",
      "RequestMethod": "GET",
      "RequestBody": "",
      "RequestHeaders": {
        "x-ms-client-request-id": [
          "062b2c53-4af8-4a75-8cde-739b510c170d"
        ],
        "accept-language": [
          "en-US"
        ],
        "User-Agent": [
          "FxVersion/4.7.2046.0",
          "OSName/Windows10Enterprise",
          "OSVersion/6.3.15063",
          "Microsoft.Azure.Management.Sql.SqlManagementClient/1.3.0.0"
        ]
      },
      "ResponseBody": "{\r\n  \"id\": \"/subscriptions/b3ee3a7f-7614-4644-ad07-afa832620b4b/resourceGroups/onesdk3413/providers/Microsoft.Sql/servers/onesdk979\",\r\n  \"name\": \"onesdk979\",\r\n  \"type\": \"Microsoft.Sql/servers\",\r\n  \"location\": \"West US 2\",\r\n  \"kind\": \"v12.0\",\r\n  \"properties\": {\r\n    \"fullyQualifiedDomainName\": \"onesdk979.sqltest-eg1.mscds.com\",\r\n    \"administratorLogin\": \"testusername\",\r\n    \"administratorLoginPassword\": null,\r\n    \"externalAdministratorLogin\": null,\r\n    \"externalAdministratorSid\": null,\r\n    \"version\": \"12.0\",\r\n    \"state\": \"Ready\"\r\n  }\r\n}",
      "ResponseHeaders": {
        "Content-Length": [
          "461"
        ],
        "Content-Type": [
          "application/json; odata=minimalmetadata; streaming=true; charset=utf-8"
        ],
        "x-ms-request-id": [
          "cfca0b5f-61f2-4e09-b3d9-3c2d1d894b07"
        ],
        "X-Content-Type-Options": [
          "nosniff"
        ],
        "DataServiceVersion": [
          "3.0;"
        ],
        "Strict-Transport-Security": [
          "max-age=31536000; includeSubDomains"
        ],
        "x-ms-ratelimit-remaining-subscription-reads": [
          "14969"
        ],
        "x-ms-correlation-request-id": [
          "c1bb616b-fa88-4e99-8e5e-3e1f53ac2415"
        ],
        "x-ms-routing-request-id": [
          "CENTRALUS:20170524T143932Z:c1bb616b-fa88-4e99-8e5e-3e1f53ac2415"
        ],
        "Cache-Control": [
          "no-store, no-cache"
        ],
        "Date": [
          "Wed, 24 May 2017 14:39:31 GMT"
        ],
        "Server": [
          "Microsoft-HTTPAPI/2.0"
        ]
      },
      "StatusCode": 200
    },
    {
      "RequestUri": "/subscriptions/b3ee3a7f-7614-4644-ad07-afa832620b4b/resourceGroups/onesdk3413/providers/Microsoft.Sql/servers/onesdk979?api-version=2014-04-01",
      "EncodedRequestUri": "L3N1YnNjcmlwdGlvbnMvYjNlZTNhN2YtNzYxNC00NjQ0LWFkMDctYWZhODMyNjIwYjRiL3Jlc291cmNlR3JvdXBzL29uZXNkazM0MTMvcHJvdmlkZXJzL01pY3Jvc29mdC5TcWwvc2VydmVycy9vbmVzZGs5Nzk/YXBpLXZlcnNpb249MjAxNC0wNC0wMQ==",
      "RequestMethod": "GET",
      "RequestBody": "",
      "RequestHeaders": {
        "x-ms-client-request-id": [
          "f9f01033-d722-4528-86f1-5536eff1fc2b"
        ],
        "accept-language": [
          "en-US"
        ],
        "User-Agent": [
          "FxVersion/4.7.2046.0",
          "OSName/Windows10Enterprise",
          "OSVersion/6.3.15063",
          "Microsoft.Azure.Management.Sql.SqlManagementClient/1.3.0.0"
        ]
      },
      "ResponseBody": "{\r\n  \"id\": \"/subscriptions/b3ee3a7f-7614-4644-ad07-afa832620b4b/resourceGroups/onesdk3413/providers/Microsoft.Sql/servers/onesdk979\",\r\n  \"name\": \"onesdk979\",\r\n  \"type\": \"Microsoft.Sql/servers\",\r\n  \"location\": \"West US 2\",\r\n  \"kind\": \"v12.0\",\r\n  \"properties\": {\r\n    \"fullyQualifiedDomainName\": \"onesdk979.sqltest-eg1.mscds.com\",\r\n    \"administratorLogin\": \"testusername\",\r\n    \"administratorLoginPassword\": null,\r\n    \"externalAdministratorLogin\": null,\r\n    \"externalAdministratorSid\": null,\r\n    \"version\": \"12.0\",\r\n    \"state\": \"Ready\"\r\n  }\r\n}",
      "ResponseHeaders": {
        "Content-Length": [
          "461"
        ],
        "Content-Type": [
          "application/json; odata=minimalmetadata; streaming=true; charset=utf-8"
        ],
        "x-ms-request-id": [
          "1c860f7a-ca01-463c-b5b8-bfa9a50a5ab3"
        ],
        "X-Content-Type-Options": [
          "nosniff"
        ],
        "DataServiceVersion": [
          "3.0;"
        ],
        "Strict-Transport-Security": [
          "max-age=31536000; includeSubDomains"
        ],
        "x-ms-ratelimit-remaining-subscription-reads": [
          "14970"
        ],
        "x-ms-correlation-request-id": [
          "25837320-0e15-4c55-9f53-d33153877482"
        ],
        "x-ms-routing-request-id": [
          "CENTRALUS:20170524T144007Z:25837320-0e15-4c55-9f53-d33153877482"
        ],
        "Cache-Control": [
          "no-store, no-cache"
        ],
        "Date": [
          "Wed, 24 May 2017 14:40:06 GMT"
        ],
        "Server": [
          "Microsoft-HTTPAPI/2.0"
        ]
      },
      "StatusCode": 200
    },
    {
      "RequestUri": "/subscriptions/b3ee3a7f-7614-4644-ad07-afa832620b4b/resourceGroups/onesdk3413/providers/Microsoft.Sql/servers/onesdk979?api-version=2014-04-01",
      "EncodedRequestUri": "L3N1YnNjcmlwdGlvbnMvYjNlZTNhN2YtNzYxNC00NjQ0LWFkMDctYWZhODMyNjIwYjRiL3Jlc291cmNlR3JvdXBzL29uZXNkazM0MTMvcHJvdmlkZXJzL01pY3Jvc29mdC5TcWwvc2VydmVycy9vbmVzZGs5Nzk/YXBpLXZlcnNpb249MjAxNC0wNC0wMQ==",
      "RequestMethod": "GET",
      "RequestBody": "",
      "RequestHeaders": {
        "x-ms-client-request-id": [
          "98f4e11d-7945-4d4b-9174-1c055591934e"
        ],
        "accept-language": [
          "en-US"
        ],
        "User-Agent": [
          "FxVersion/4.7.2046.0",
          "OSName/Windows10Enterprise",
          "OSVersion/6.3.15063",
          "Microsoft.Azure.Management.Sql.SqlManagementClient/1.3.0.0"
        ]
      },
      "ResponseBody": "{\r\n  \"id\": \"/subscriptions/b3ee3a7f-7614-4644-ad07-afa832620b4b/resourceGroups/onesdk3413/providers/Microsoft.Sql/servers/onesdk979\",\r\n  \"name\": \"onesdk979\",\r\n  \"type\": \"Microsoft.Sql/servers\",\r\n  \"location\": \"West US 2\",\r\n  \"kind\": \"v12.0\",\r\n  \"properties\": {\r\n    \"fullyQualifiedDomainName\": \"onesdk979.sqltest-eg1.mscds.com\",\r\n    \"administratorLogin\": \"testusername\",\r\n    \"administratorLoginPassword\": null,\r\n    \"externalAdministratorLogin\": null,\r\n    \"externalAdministratorSid\": null,\r\n    \"version\": \"12.0\",\r\n    \"state\": \"Ready\"\r\n  }\r\n}",
      "ResponseHeaders": {
        "Content-Length": [
          "461"
        ],
        "Content-Type": [
          "application/json; odata=minimalmetadata; streaming=true; charset=utf-8"
        ],
        "x-ms-request-id": [
          "784ffd3b-4f1b-4228-ae08-7d3b51345087"
        ],
        "X-Content-Type-Options": [
          "nosniff"
        ],
        "DataServiceVersion": [
          "3.0;"
        ],
        "Strict-Transport-Security": [
          "max-age=31536000; includeSubDomains"
        ],
        "x-ms-ratelimit-remaining-subscription-reads": [
          "14968"
        ],
        "x-ms-correlation-request-id": [
          "6dea1511-c2be-4121-8cb5-cd1cc584cfe9"
        ],
        "x-ms-routing-request-id": [
          "CENTRALUS:20170524T144129Z:6dea1511-c2be-4121-8cb5-cd1cc584cfe9"
        ],
        "Cache-Control": [
          "no-store, no-cache"
        ],
        "Date": [
          "Wed, 24 May 2017 14:41:29 GMT"
        ],
        "Server": [
          "Microsoft-HTTPAPI/2.0"
        ]
      },
      "StatusCode": 200
    },
    {
      "RequestUri": "/subscriptions/b3ee3a7f-7614-4644-ad07-afa832620b4b/resourceGroups/onesdk3413/providers/Microsoft.Sql/servers/onesdk979?api-version=2014-04-01",
      "EncodedRequestUri": "L3N1YnNjcmlwdGlvbnMvYjNlZTNhN2YtNzYxNC00NjQ0LWFkMDctYWZhODMyNjIwYjRiL3Jlc291cmNlR3JvdXBzL29uZXNkazM0MTMvcHJvdmlkZXJzL01pY3Jvc29mdC5TcWwvc2VydmVycy9vbmVzZGs5Nzk/YXBpLXZlcnNpb249MjAxNC0wNC0wMQ==",
      "RequestMethod": "PUT",
      "RequestBody": "{\r\n  \"properties\": {\r\n    \"version\": \"12.0\",\r\n    \"administratorLogin\": \"testusername\",\r\n    \"administratorLoginPassword\": \"t357ingP@s5w0rd!\"\r\n  },\r\n  \"location\": \"West US 2\"\r\n}",
      "RequestHeaders": {
        "Content-Type": [
          "application/json; charset=utf-8"
        ],
        "Content-Length": [
          "177"
        ],
        "x-ms-client-request-id": [
          "4e3f6e2a-5dad-49a9-968e-a7ed4091ef1b"
        ],
        "accept-language": [
          "en-US"
        ],
        "User-Agent": [
          "FxVersion/4.7.2046.0",
          "OSName/Windows10Enterprise",
          "OSVersion/6.3.15063",
          "Microsoft.Azure.Management.Sql.SqlManagementClient/1.3.0.0"
        ]
      },
      "ResponseBody": "{\r\n  \"id\": \"/subscriptions/b3ee3a7f-7614-4644-ad07-afa832620b4b/resourceGroups/onesdk3413/providers/Microsoft.Sql/servers/onesdk979\",\r\n  \"name\": \"onesdk979\",\r\n  \"type\": \"Microsoft.Sql/servers\",\r\n  \"location\": \"West US 2\",\r\n  \"kind\": \"v12.0\",\r\n  \"properties\": {\r\n    \"fullyQualifiedDomainName\": \"onesdk979.sqltest-eg1.mscds.com\",\r\n    \"administratorLogin\": \"testusername\",\r\n    \"administratorLoginPassword\": \"t357ingP@s5w0rd!\",\r\n    \"externalAdministratorLogin\": null,\r\n    \"externalAdministratorSid\": null,\r\n    \"version\": \"12.0\",\r\n    \"state\": \"Ready\"\r\n  }\r\n}",
      "ResponseHeaders": {
        "Content-Length": [
          "475"
        ],
        "Content-Type": [
          "application/json; odata=minimalmetadata; streaming=true; charset=utf-8"
        ],
        "x-ms-request-id": [
          "93c18bb3-d88e-4c51-8cb7-e1804089eb3d"
        ],
        "X-Content-Type-Options": [
          "nosniff"
        ],
        "Preference-Applied": [
          "return-content"
        ],
        "DataServiceVersion": [
          "3.0;"
        ],
        "Strict-Transport-Security": [
          "max-age=31536000; includeSubDomains"
        ],
        "x-ms-ratelimit-remaining-subscription-writes": [
          "1193"
        ],
        "x-ms-correlation-request-id": [
          "52950490-e1bc-4e74-83d5-777b817a6b40"
        ],
        "x-ms-routing-request-id": [
          "CENTRALUS:20170524T143930Z:52950490-e1bc-4e74-83d5-777b817a6b40"
        ],
        "Cache-Control": [
          "no-store, no-cache"
        ],
        "Date": [
          "Wed, 24 May 2017 14:39:30 GMT"
        ],
        "Server": [
          "Microsoft-HTTPAPI/2.0"
        ]
      },
      "StatusCode": 201
    },
    {
      "RequestUri": "/subscriptions/b3ee3a7f-7614-4644-ad07-afa832620b4b/resourceGroups/onesdk3413/providers/Microsoft.Sql/servers/onesdk979/databases/onesdk4838?api-version=2014-04-01",
      "EncodedRequestUri": "L3N1YnNjcmlwdGlvbnMvYjNlZTNhN2YtNzYxNC00NjQ0LWFkMDctYWZhODMyNjIwYjRiL3Jlc291cmNlR3JvdXBzL29uZXNkazM0MTMvcHJvdmlkZXJzL01pY3Jvc29mdC5TcWwvc2VydmVycy9vbmVzZGs5NzkvZGF0YWJhc2VzL29uZXNkazQ4Mzg/YXBpLXZlcnNpb249MjAxNC0wNC0wMQ==",
      "RequestMethod": "GET",
      "RequestBody": "",
      "RequestHeaders": {
        "User-Agent": [
          "Microsoft.Azure.Management.Sql.LegacySdk.SqlManagementClient/3.0.0.0"
        ],
        "x-ms-client-request-id": [
          "15b7dad2-4148-4ff7-970f-e4bb6f190142"
        ]
      },
      "ResponseBody": "{\r\n  \"error\": {\r\n    \"code\": \"ResourceNotFound\",\r\n    \"message\": \"The Resource 'Microsoft.Sql/servers/onesdk979/databases/onesdk4838' under resource group 'onesdk3413' was not found.\"\r\n  }\r\n}",
      "ResponseHeaders": {
        "Content-Length": [
          "166"
        ],
        "Content-Type": [
          "application/json; charset=utf-8"
        ],
        "Expires": [
          "-1"
        ],
        "Pragma": [
          "no-cache"
        ],
        "x-ms-failure-cause": [
          "gateway"
        ],
        "x-ms-request-id": [
          "c7224fb8-616a-45f8-840e-6fb84c61f88d"
        ],
        "x-ms-correlation-request-id": [
          "c7224fb8-616a-45f8-840e-6fb84c61f88d"
        ],
        "x-ms-routing-request-id": [
          "CENTRALUS:20170524T143932Z:c7224fb8-616a-45f8-840e-6fb84c61f88d"
        ],
        "Strict-Transport-Security": [
          "max-age=31536000; includeSubDomains"
        ],
        "Cache-Control": [
          "no-cache"
        ],
        "Date": [
          "Wed, 24 May 2017 14:39:31 GMT"
        ]
      },
      "StatusCode": 404
    },
    {
      "RequestUri": "/subscriptions/b3ee3a7f-7614-4644-ad07-afa832620b4b/resourceGroups/onesdk3413/providers/Microsoft.Sql/servers/onesdk979/databases/onesdk4838?api-version=2014-04-01",
      "EncodedRequestUri": "L3N1YnNjcmlwdGlvbnMvYjNlZTNhN2YtNzYxNC00NjQ0LWFkMDctYWZhODMyNjIwYjRiL3Jlc291cmNlR3JvdXBzL29uZXNkazM0MTMvcHJvdmlkZXJzL01pY3Jvc29mdC5TcWwvc2VydmVycy9vbmVzZGs5NzkvZGF0YWJhc2VzL29uZXNkazQ4Mzg/YXBpLXZlcnNpb249MjAxNC0wNC0wMQ==",
      "RequestMethod": "PUT",
      "RequestBody": "{\r\n  \"properties\": {\r\n    \"maxSizeBytes\": \"0\",\r\n    \"readScale\": \"Disabled\"\r\n  },\r\n  \"location\": \"West US 2\"\r\n}",
      "RequestHeaders": {
        "Content-Type": [
          "application/json; charset=utf-8"
        ],
        "Content-Length": [
          "111"
        ],
        "User-Agent": [
          "Microsoft.Azure.Management.Sql.LegacySdk.SqlManagementClient/3.0.0.0"
        ],
        "x-ms-client-request-id": [
          "2c8bc4f7-a7a9-45db-bcba-3e958e074b7a"
        ]
      },
      "ResponseBody": "{\r\n  \"operation\": \"CreateLogicalDatabase\",\r\n  \"startTime\": \"2017-05-24T22:39:34.216+08:00\"\r\n}",
      "ResponseHeaders": {
        "Content-Length": [
          "80"
        ],
        "Content-Type": [
          "application/json; odata=minimalmetadata; streaming=true; charset=utf-8"
        ],
        "Retry-After": [
          "30"
        ],
        "x-ms-request-id": [
          "87d95baa-33a4-42ba-8b80-d0a38ed9fa0c"
        ],
        "X-Content-Type-Options": [
          "nosniff"
        ],
        "Preference-Applied": [
          "return-content"
        ],
        "DataServiceVersion": [
          "3.0;"
        ],
        "Strict-Transport-Security": [
          "max-age=31536000; includeSubDomains"
        ],
        "Azure-AsyncOperation": [
          "https://api-dogfood.resources.windows-int.net/subscriptions/b3ee3a7f-7614-4644-ad07-afa832620b4b/resourceGroups/onesdk3413/providers/Microsoft.Sql/servers/onesdk979/databases/onesdk4838/azureAsyncOperation/87d95baa-33a4-42ba-8b80-d0a38ed9fa0c?api-version=2014-04-01-Preview"
        ],
        "x-ms-ratelimit-remaining-subscription-writes": [
          "1179"
        ],
        "x-ms-correlation-request-id": [
          "2d594b1f-8e11-4020-8804-524141906b60"
        ],
        "x-ms-routing-request-id": [
          "CENTRALUS:20170524T143935Z:2d594b1f-8e11-4020-8804-524141906b60"
        ],
        "Cache-Control": [
          "no-store, no-cache"
        ],
        "Date": [
          "Wed, 24 May 2017 14:39:34 GMT"
        ],
        "Location": [
          "https://api-dogfood.resources.windows-int.net/subscriptions/b3ee3a7f-7614-4644-ad07-afa832620b4b/resourceGroups/onesdk3413/providers/Microsoft.Sql/servers/onesdk979/databases/onesdk4838/operationResults/87d95baa-33a4-42ba-8b80-d0a38ed9fa0c?api-version=2014-04-01-Preview"
        ],
        "Server": [
          "Microsoft-HTTPAPI/2.0"
        ]
      },
      "StatusCode": 202
    },
    {
      "RequestUri": "/subscriptions/b3ee3a7f-7614-4644-ad07-afa832620b4b/resourceGroups/onesdk3413/providers/Microsoft.Sql/servers/onesdk979/databases/onesdk4838/operationResults/87d95baa-33a4-42ba-8b80-d0a38ed9fa0c?api-version=2014-04-01-Preview",
      "EncodedRequestUri": "L3N1YnNjcmlwdGlvbnMvYjNlZTNhN2YtNzYxNC00NjQ0LWFkMDctYWZhODMyNjIwYjRiL3Jlc291cmNlR3JvdXBzL29uZXNkazM0MTMvcHJvdmlkZXJzL01pY3Jvc29mdC5TcWwvc2VydmVycy9vbmVzZGs5NzkvZGF0YWJhc2VzL29uZXNkazQ4Mzgvb3BlcmF0aW9uUmVzdWx0cy84N2Q5NWJhYS0zM2E0LTQyYmEtOGI4MC1kMGEzOGVkOWZhMGM/YXBpLXZlcnNpb249MjAxNC0wNC0wMS1QcmV2aWV3",
      "RequestMethod": "GET",
      "RequestBody": "",
      "RequestHeaders": {
        "User-Agent": [
          "Microsoft.Azure.Management.Sql.LegacySdk.SqlManagementClient/3.0.0.0"
        ],
        "x-ms-client-request-id": [
          "2c8bc4f7-a7a9-45db-bcba-3e958e074b7a"
        ]
      },
      "ResponseBody": "{\r\n  \"operation\": \"CreateLogicalDatabase\",\r\n  \"startTime\": \"2017-05-24T14:39:34.2Z\"\r\n}",
      "ResponseHeaders": {
        "Content-Length": [
          "75"
        ],
        "Content-Type": [
          "application/json"
        ],
        "Retry-After": [
          "30"
        ],
        "x-ms-request-id": [
          "98f5c0bd-9463-4541-aa13-a1e0bc33ef34"
        ],
        "X-Content-Type-Options": [
          "nosniff"
        ],
        "DataServiceVersion": [
          "3.0;"
        ],
        "Strict-Transport-Security": [
          "max-age=31536000; includeSubDomains"
        ],
        "Azure-AsyncOperation": [
          "https://api-dogfood.resources.windows-int.net/subscriptions/b3ee3a7f-7614-4644-ad07-afa832620b4b/resourceGroups/onesdk3413/providers/Microsoft.Sql/servers/onesdk979/databases/onesdk4838/azureAsyncOperation/87d95baa-33a4-42ba-8b80-d0a38ed9fa0c?api-version=2014-04-01-Preview"
        ],
        "x-ms-ratelimit-remaining-subscription-reads": [
          "14919"
        ],
        "x-ms-correlation-request-id": [
          "8b856fa5-e97e-42e4-8d7d-d878120bb1e7"
        ],
        "x-ms-routing-request-id": [
          "CENTRALUS:20170524T143935Z:8b856fa5-e97e-42e4-8d7d-d878120bb1e7"
        ],
        "Cache-Control": [
          "no-store, no-cache"
        ],
        "Date": [
          "Wed, 24 May 2017 14:39:35 GMT"
        ],
        "Location": [
          "https://api-dogfood.resources.windows-int.net/subscriptions/b3ee3a7f-7614-4644-ad07-afa832620b4b/resourceGroups/onesdk3413/providers/Microsoft.Sql/servers/onesdk979/databases/onesdk4838/operationResults/87d95baa-33a4-42ba-8b80-d0a38ed9fa0c?api-version=2014-04-01-Preview"
        ],
        "Server": [
          "Microsoft-HTTPAPI/2.0"
        ]
      },
      "StatusCode": 202
    },
    {
      "RequestUri": "/subscriptions/b3ee3a7f-7614-4644-ad07-afa832620b4b/resourceGroups/onesdk3413/providers/Microsoft.Sql/servers/onesdk979/databases/onesdk4838/operationResults/87d95baa-33a4-42ba-8b80-d0a38ed9fa0c?api-version=2014-04-01-Preview",
      "EncodedRequestUri": "L3N1YnNjcmlwdGlvbnMvYjNlZTNhN2YtNzYxNC00NjQ0LWFkMDctYWZhODMyNjIwYjRiL3Jlc291cmNlR3JvdXBzL29uZXNkazM0MTMvcHJvdmlkZXJzL01pY3Jvc29mdC5TcWwvc2VydmVycy9vbmVzZGs5NzkvZGF0YWJhc2VzL29uZXNkazQ4Mzgvb3BlcmF0aW9uUmVzdWx0cy84N2Q5NWJhYS0zM2E0LTQyYmEtOGI4MC1kMGEzOGVkOWZhMGM/YXBpLXZlcnNpb249MjAxNC0wNC0wMS1QcmV2aWV3",
      "RequestMethod": "GET",
      "RequestBody": "",
      "RequestHeaders": {
        "User-Agent": [
          "Microsoft.Azure.Management.Sql.LegacySdk.SqlManagementClient/3.0.0.0"
        ],
        "x-ms-client-request-id": [
          "2c8bc4f7-a7a9-45db-bcba-3e958e074b7a"
        ]
      },
      "ResponseBody": "{\r\n  \"id\": \"/subscriptions/b3ee3a7f-7614-4644-ad07-afa832620b4b/resourceGroups/onesdk3413/providers/Microsoft.Sql/servers/onesdk979/databases/onesdk4838\",\r\n  \"name\": \"onesdk4838\",\r\n  \"type\": \"Microsoft.Sql/servers/databases\",\r\n  \"location\": \"West US 2\",\r\n  \"kind\": \"v12.0,user\",\r\n  \"properties\": {\r\n    \"databaseId\": \"7ce203ce-8ea4-4091-afab-9b3478638e7e\",\r\n    \"edition\": \"Standard\",\r\n    \"status\": \"Online\",\r\n    \"serviceLevelObjective\": \"S0\",\r\n    \"collation\": \"SQL_Latin1_General_CP1_CI_AS\",\r\n    \"maxSizeBytes\": \"268435456000\",\r\n    \"creationDate\": \"2017-05-24T14:39:34.483Z\",\r\n    \"currentServiceObjectiveId\": \"f1173c43-91bd-4aaa-973c-54e79e15235b\",\r\n    \"requestedServiceObjectiveId\": \"f1173c43-91bd-4aaa-973c-54e79e15235b\",\r\n    \"requestedServiceObjectiveName\": \"S0\",\r\n    \"sampleName\": null,\r\n    \"defaultSecondaryLocation\": \"East US 2\",\r\n    \"earliestRestoreDate\": \"2017-05-24T14:50:04.03Z\",\r\n    \"elasticPoolName\": null,\r\n    \"containmentState\": 2,\r\n    \"readScale\": \"Disabled\",\r\n    \"failoverGroupId\": null\r\n  }\r\n}",
      "ResponseHeaders": {
        "Content-Length": [
          "871"
        ],
        "Content-Type": [
          "application/json; odata=minimalmetadata; streaming=true; charset=utf-8"
        ],
        "x-ms-request-id": [
          "a0778d95-c097-4109-85c6-4088e9e42fc1"
        ],
        "X-Content-Type-Options": [
          "nosniff"
        ],
        "DataServiceVersion": [
          "3.0;"
        ],
        "Strict-Transport-Security": [
          "max-age=31536000; includeSubDomains"
        ],
        "x-ms-ratelimit-remaining-subscription-reads": [
          "14918"
        ],
        "x-ms-correlation-request-id": [
          "b3886a90-c472-425c-ac21-87c849664d7d"
        ],
        "x-ms-routing-request-id": [
          "CENTRALUS:20170524T144006Z:b3886a90-c472-425c-ac21-87c849664d7d"
        ],
        "Cache-Control": [
          "no-store, no-cache"
        ],
        "Date": [
          "Wed, 24 May 2017 14:40:05 GMT"
        ],
        "Server": [
          "Microsoft-HTTPAPI/2.0"
        ]
      },
      "StatusCode": 201
    },
    {
      "RequestUri": "/subscriptions/b3ee3a7f-7614-4644-ad07-afa832620b4b/resourceGroups/onesdk3413/providers/Microsoft.Sql/servers/onesdk979/databases/onesdk2042?api-version=2014-04-01",
      "EncodedRequestUri": "L3N1YnNjcmlwdGlvbnMvYjNlZTNhN2YtNzYxNC00NjQ0LWFkMDctYWZhODMyNjIwYjRiL3Jlc291cmNlR3JvdXBzL29uZXNkazM0MTMvcHJvdmlkZXJzL01pY3Jvc29mdC5TcWwvc2VydmVycy9vbmVzZGs5NzkvZGF0YWJhc2VzL29uZXNkazIwNDI/YXBpLXZlcnNpb249MjAxNC0wNC0wMQ==",
      "RequestMethod": "GET",
      "RequestBody": "",
      "RequestHeaders": {
        "User-Agent": [
          "Microsoft.Azure.Management.Sql.LegacySdk.SqlManagementClient/3.0.0.0"
        ],
        "x-ms-client-request-id": [
          "b46efda0-3653-46d3-a5f0-3588a4aec31c"
        ]
      },
      "ResponseBody": "{\r\n  \"error\": {\r\n    \"code\": \"ResourceNotFound\",\r\n    \"message\": \"The Resource 'Microsoft.Sql/servers/onesdk979/databases/onesdk2042' under resource group 'onesdk3413' was not found.\"\r\n  }\r\n}",
      "ResponseHeaders": {
        "Content-Length": [
          "166"
        ],
        "Content-Type": [
          "application/json; charset=utf-8"
        ],
        "Expires": [
          "-1"
        ],
        "Pragma": [
          "no-cache"
        ],
        "x-ms-failure-cause": [
          "gateway"
        ],
        "x-ms-request-id": [
          "da410c78-5783-4731-8fc7-a0c62eea9583"
        ],
        "x-ms-correlation-request-id": [
          "da410c78-5783-4731-8fc7-a0c62eea9583"
        ],
        "x-ms-routing-request-id": [
          "CENTRALUS:20170524T144006Z:da410c78-5783-4731-8fc7-a0c62eea9583"
        ],
        "Strict-Transport-Security": [
          "max-age=31536000; includeSubDomains"
        ],
        "Cache-Control": [
          "no-cache"
        ],
        "Date": [
          "Wed, 24 May 2017 14:40:06 GMT"
        ]
      },
      "StatusCode": 404
    },
    {
      "RequestUri": "/subscriptions/b3ee3a7f-7614-4644-ad07-afa832620b4b/resourceGroups/onesdk3413/providers/Microsoft.Sql/servers/onesdk979/databases/onesdk2042?api-version=2014-04-01",
      "EncodedRequestUri": "L3N1YnNjcmlwdGlvbnMvYjNlZTNhN2YtNzYxNC00NjQ0LWFkMDctYWZhODMyNjIwYjRiL3Jlc291cmNlR3JvdXBzL29uZXNkazM0MTMvcHJvdmlkZXJzL01pY3Jvc29mdC5TcWwvc2VydmVycy9vbmVzZGs5NzkvZGF0YWJhc2VzL29uZXNkazIwNDI/YXBpLXZlcnNpb249MjAxNC0wNC0wMQ==",
      "RequestMethod": "PUT",
      "RequestBody": "{\r\n  \"properties\": {\r\n    \"maxSizeBytes\": \"0\",\r\n    \"readScale\": \"Disabled\"\r\n  },\r\n  \"location\": \"West US 2\"\r\n}",
      "RequestHeaders": {
        "Content-Type": [
          "application/json; charset=utf-8"
        ],
        "Content-Length": [
          "111"
        ],
        "User-Agent": [
          "Microsoft.Azure.Management.Sql.LegacySdk.SqlManagementClient/3.0.0.0"
        ],
        "x-ms-client-request-id": [
          "4d05aee5-3e5d-41d9-8413-f95ddd3f8eff"
        ]
      },
      "ResponseBody": "{\r\n  \"operation\": \"CreateLogicalDatabase\",\r\n  \"startTime\": \"2017-05-24T22:40:08.053+08:00\"\r\n}",
      "ResponseHeaders": {
        "Content-Length": [
          "80"
        ],
        "Content-Type": [
          "application/json; odata=minimalmetadata; streaming=true; charset=utf-8"
        ],
        "Retry-After": [
          "30"
        ],
        "x-ms-request-id": [
          "e80905dd-9838-4871-bdbb-84c8336ff80a"
        ],
        "X-Content-Type-Options": [
          "nosniff"
        ],
        "Preference-Applied": [
          "return-content"
        ],
        "DataServiceVersion": [
          "3.0;"
        ],
        "Strict-Transport-Security": [
          "max-age=31536000; includeSubDomains"
        ],
        "Azure-AsyncOperation": [
          "https://api-dogfood.resources.windows-int.net/subscriptions/b3ee3a7f-7614-4644-ad07-afa832620b4b/resourceGroups/onesdk3413/providers/Microsoft.Sql/servers/onesdk979/databases/onesdk2042/azureAsyncOperation/e80905dd-9838-4871-bdbb-84c8336ff80a?api-version=2014-04-01-Preview"
        ],
        "x-ms-ratelimit-remaining-subscription-writes": [
          "1178"
        ],
        "x-ms-correlation-request-id": [
          "978fe5f6-a2b3-4bcc-a262-8f1d9eae82cd"
        ],
        "x-ms-routing-request-id": [
          "CENTRALUS:20170524T144008Z:978fe5f6-a2b3-4bcc-a262-8f1d9eae82cd"
        ],
        "Cache-Control": [
          "no-store, no-cache"
        ],
        "Date": [
          "Wed, 24 May 2017 14:40:08 GMT"
        ],
        "Location": [
          "https://api-dogfood.resources.windows-int.net/subscriptions/b3ee3a7f-7614-4644-ad07-afa832620b4b/resourceGroups/onesdk3413/providers/Microsoft.Sql/servers/onesdk979/databases/onesdk2042/operationResults/e80905dd-9838-4871-bdbb-84c8336ff80a?api-version=2014-04-01-Preview"
        ],
        "Server": [
          "Microsoft-HTTPAPI/2.0"
        ]
      },
      "StatusCode": 202
    },
    {
      "RequestUri": "/subscriptions/b3ee3a7f-7614-4644-ad07-afa832620b4b/resourceGroups/onesdk3413/providers/Microsoft.Sql/servers/onesdk979/databases/onesdk2042/operationResults/e80905dd-9838-4871-bdbb-84c8336ff80a?api-version=2014-04-01-Preview",
      "EncodedRequestUri": "L3N1YnNjcmlwdGlvbnMvYjNlZTNhN2YtNzYxNC00NjQ0LWFkMDctYWZhODMyNjIwYjRiL3Jlc291cmNlR3JvdXBzL29uZXNkazM0MTMvcHJvdmlkZXJzL01pY3Jvc29mdC5TcWwvc2VydmVycy9vbmVzZGs5NzkvZGF0YWJhc2VzL29uZXNkazIwNDIvb3BlcmF0aW9uUmVzdWx0cy9lODA5MDVkZC05ODM4LTQ4NzEtYmRiYi04NGM4MzM2ZmY4MGE/YXBpLXZlcnNpb249MjAxNC0wNC0wMS1QcmV2aWV3",
      "RequestMethod": "GET",
      "RequestBody": "",
      "RequestHeaders": {
        "User-Agent": [
          "Microsoft.Azure.Management.Sql.LegacySdk.SqlManagementClient/3.0.0.0"
        ],
        "x-ms-client-request-id": [
          "4d05aee5-3e5d-41d9-8413-f95ddd3f8eff"
        ]
      },
      "ResponseBody": "{\r\n  \"operation\": \"CreateLogicalDatabase\",\r\n  \"startTime\": \"2017-05-24T14:40:08.037Z\"\r\n}",
      "ResponseHeaders": {
        "Content-Length": [
          "75"
        ],
        "Content-Type": [
          "application/json"
        ],
        "Retry-After": [
          "30"
        ],
        "x-ms-request-id": [
          "1a613434-541a-4b43-8b95-3cb7b2d1a88f"
        ],
        "X-Content-Type-Options": [
          "nosniff"
        ],
        "DataServiceVersion": [
          "3.0;"
        ],
        "Strict-Transport-Security": [
          "max-age=31536000; includeSubDomains"
        ],
        "Azure-AsyncOperation": [
          "https://api-dogfood.resources.windows-int.net/subscriptions/b3ee3a7f-7614-4644-ad07-afa832620b4b/resourceGroups/onesdk3413/providers/Microsoft.Sql/servers/onesdk979/databases/onesdk2042/azureAsyncOperation/e80905dd-9838-4871-bdbb-84c8336ff80a?api-version=2014-04-01-Preview"
        ],
        "x-ms-ratelimit-remaining-subscription-reads": [
          "14916"
        ],
        "x-ms-correlation-request-id": [
          "b9068a4a-27f8-4aff-b8e6-c5bc50ca1703"
        ],
        "x-ms-routing-request-id": [
          "CENTRALUS:20170524T144009Z:b9068a4a-27f8-4aff-b8e6-c5bc50ca1703"
        ],
        "Cache-Control": [
          "no-store, no-cache"
        ],
        "Date": [
          "Wed, 24 May 2017 14:40:08 GMT"
        ],
        "Location": [
          "https://api-dogfood.resources.windows-int.net/subscriptions/b3ee3a7f-7614-4644-ad07-afa832620b4b/resourceGroups/onesdk3413/providers/Microsoft.Sql/servers/onesdk979/databases/onesdk2042/operationResults/e80905dd-9838-4871-bdbb-84c8336ff80a?api-version=2014-04-01-Preview"
        ],
        "Server": [
          "Microsoft-HTTPAPI/2.0"
        ]
      },
      "StatusCode": 202
    },
    {
      "RequestUri": "/subscriptions/b3ee3a7f-7614-4644-ad07-afa832620b4b/resourceGroups/onesdk3413/providers/Microsoft.Sql/servers/onesdk979/databases/onesdk2042/operationResults/e80905dd-9838-4871-bdbb-84c8336ff80a?api-version=2014-04-01-Preview",
      "EncodedRequestUri": "L3N1YnNjcmlwdGlvbnMvYjNlZTNhN2YtNzYxNC00NjQ0LWFkMDctYWZhODMyNjIwYjRiL3Jlc291cmNlR3JvdXBzL29uZXNkazM0MTMvcHJvdmlkZXJzL01pY3Jvc29mdC5TcWwvc2VydmVycy9vbmVzZGs5NzkvZGF0YWJhc2VzL29uZXNkazIwNDIvb3BlcmF0aW9uUmVzdWx0cy9lODA5MDVkZC05ODM4LTQ4NzEtYmRiYi04NGM4MzM2ZmY4MGE/YXBpLXZlcnNpb249MjAxNC0wNC0wMS1QcmV2aWV3",
      "RequestMethod": "GET",
      "RequestBody": "",
      "RequestHeaders": {
        "User-Agent": [
          "Microsoft.Azure.Management.Sql.LegacySdk.SqlManagementClient/3.0.0.0"
        ],
        "x-ms-client-request-id": [
          "4d05aee5-3e5d-41d9-8413-f95ddd3f8eff"
        ]
      },
      "ResponseBody": "{\r\n  \"operation\": \"CreateLogicalDatabase\",\r\n  \"startTime\": \"2017-05-24T14:40:08.037Z\"\r\n}",
      "ResponseHeaders": {
        "Content-Length": [
          "75"
        ],
        "Content-Type": [
          "application/json"
        ],
        "Retry-After": [
          "30"
        ],
        "x-ms-request-id": [
          "ba7c3496-18ec-45b5-a768-a6d10ca7183e"
        ],
        "X-Content-Type-Options": [
          "nosniff"
        ],
        "DataServiceVersion": [
          "3.0;"
        ],
        "Strict-Transport-Security": [
          "max-age=31536000; includeSubDomains"
        ],
        "Azure-AsyncOperation": [
          "https://api-dogfood.resources.windows-int.net/subscriptions/b3ee3a7f-7614-4644-ad07-afa832620b4b/resourceGroups/onesdk3413/providers/Microsoft.Sql/servers/onesdk979/databases/onesdk2042/azureAsyncOperation/e80905dd-9838-4871-bdbb-84c8336ff80a?api-version=2014-04-01-Preview"
        ],
        "x-ms-ratelimit-remaining-subscription-reads": [
          "14915"
        ],
        "x-ms-correlation-request-id": [
          "f54031eb-c862-4578-8ab2-cee68adc0b7e"
        ],
        "x-ms-routing-request-id": [
          "CENTRALUS:20170524T144039Z:f54031eb-c862-4578-8ab2-cee68adc0b7e"
        ],
        "Cache-Control": [
          "no-store, no-cache"
        ],
        "Date": [
          "Wed, 24 May 2017 14:40:39 GMT"
        ],
        "Location": [
          "https://api-dogfood.resources.windows-int.net/subscriptions/b3ee3a7f-7614-4644-ad07-afa832620b4b/resourceGroups/onesdk3413/providers/Microsoft.Sql/servers/onesdk979/databases/onesdk2042/operationResults/e80905dd-9838-4871-bdbb-84c8336ff80a?api-version=2014-04-01-Preview"
        ],
        "Server": [
          "Microsoft-HTTPAPI/2.0"
        ]
      },
      "StatusCode": 202
    },
    {
      "RequestUri": "/subscriptions/b3ee3a7f-7614-4644-ad07-afa832620b4b/resourceGroups/onesdk3413/providers/Microsoft.Sql/servers/onesdk979/databases/onesdk2042/operationResults/e80905dd-9838-4871-bdbb-84c8336ff80a?api-version=2014-04-01-Preview",
      "EncodedRequestUri": "L3N1YnNjcmlwdGlvbnMvYjNlZTNhN2YtNzYxNC00NjQ0LWFkMDctYWZhODMyNjIwYjRiL3Jlc291cmNlR3JvdXBzL29uZXNkazM0MTMvcHJvdmlkZXJzL01pY3Jvc29mdC5TcWwvc2VydmVycy9vbmVzZGs5NzkvZGF0YWJhc2VzL29uZXNkazIwNDIvb3BlcmF0aW9uUmVzdWx0cy9lODA5MDVkZC05ODM4LTQ4NzEtYmRiYi04NGM4MzM2ZmY4MGE/YXBpLXZlcnNpb249MjAxNC0wNC0wMS1QcmV2aWV3",
      "RequestMethod": "GET",
      "RequestBody": "",
      "RequestHeaders": {
        "User-Agent": [
          "Microsoft.Azure.Management.Sql.LegacySdk.SqlManagementClient/3.0.0.0"
        ],
        "x-ms-client-request-id": [
          "4d05aee5-3e5d-41d9-8413-f95ddd3f8eff"
        ]
      },
      "ResponseBody": "{\r\n  \"id\": \"/subscriptions/b3ee3a7f-7614-4644-ad07-afa832620b4b/resourceGroups/onesdk3413/providers/Microsoft.Sql/servers/onesdk979/databases/onesdk2042\",\r\n  \"name\": \"onesdk2042\",\r\n  \"type\": \"Microsoft.Sql/servers/databases\",\r\n  \"location\": \"West US 2\",\r\n  \"kind\": \"v12.0,user\",\r\n  \"properties\": {\r\n    \"databaseId\": \"f1d7ae7f-63af-4d2e-9b96-9a1aa54b8bd6\",\r\n    \"edition\": \"Standard\",\r\n    \"status\": \"Online\",\r\n    \"serviceLevelObjective\": \"S0\",\r\n    \"collation\": \"SQL_Latin1_General_CP1_CI_AS\",\r\n    \"maxSizeBytes\": \"268435456000\",\r\n    \"creationDate\": \"2017-05-24T14:40:08.257Z\",\r\n    \"currentServiceObjectiveId\": \"f1173c43-91bd-4aaa-973c-54e79e15235b\",\r\n    \"requestedServiceObjectiveId\": \"f1173c43-91bd-4aaa-973c-54e79e15235b\",\r\n    \"requestedServiceObjectiveName\": \"S0\",\r\n    \"sampleName\": null,\r\n    \"defaultSecondaryLocation\": \"East US 2\",\r\n    \"earliestRestoreDate\": \"2017-05-24T14:50:41.607Z\",\r\n    \"elasticPoolName\": null,\r\n    \"containmentState\": 2,\r\n    \"readScale\": \"Disabled\",\r\n    \"failoverGroupId\": null\r\n  }\r\n}",
      "ResponseHeaders": {
        "Content-Length": [
          "872"
        ],
        "Content-Type": [
          "application/json; odata=minimalmetadata; streaming=true; charset=utf-8"
        ],
        "x-ms-request-id": [
          "5b93658b-9b91-439f-b1b3-102f3b07bd66"
        ],
        "X-Content-Type-Options": [
          "nosniff"
        ],
        "DataServiceVersion": [
          "3.0;"
        ],
        "Strict-Transport-Security": [
          "max-age=31536000; includeSubDomains"
        ],
        "x-ms-ratelimit-remaining-subscription-reads": [
          "14914"
        ],
        "x-ms-correlation-request-id": [
          "8c6bc8fe-e5ee-460b-9b77-3e327e11965e"
        ],
        "x-ms-routing-request-id": [
          "CENTRALUS:20170524T144055Z:8c6bc8fe-e5ee-460b-9b77-3e327e11965e"
        ],
        "Cache-Control": [
          "no-store, no-cache"
        ],
        "Date": [
          "Wed, 24 May 2017 14:40:54 GMT"
        ],
        "Server": [
          "Microsoft-HTTPAPI/2.0"
        ]
      },
      "StatusCode": 201
    },
    {
      "RequestUri": "/subscriptions/b3ee3a7f-7614-4644-ad07-afa832620b4b/resourceGroups/onesdk3413/providers/Microsoft.Sql/servers/onesdk979/databases/onesdk4838/syncGroups/onesdk2246?api-version=2015-05-01-preview",
      "EncodedRequestUri": "L3N1YnNjcmlwdGlvbnMvYjNlZTNhN2YtNzYxNC00NjQ0LWFkMDctYWZhODMyNjIwYjRiL3Jlc291cmNlR3JvdXBzL29uZXNkazM0MTMvcHJvdmlkZXJzL01pY3Jvc29mdC5TcWwvc2VydmVycy9vbmVzZGs5NzkvZGF0YWJhc2VzL29uZXNkazQ4Mzgvc3luY0dyb3Vwcy9vbmVzZGsyMjQ2P2FwaS12ZXJzaW9uPTIwMTUtMDUtMDEtcHJldmlldw==",
      "RequestMethod": "GET",
      "RequestBody": "",
      "RequestHeaders": {
        "User-Agent": [
          "Microsoft.Azure.Management.Sql.LegacySdk.SqlManagementClient/3.0.0.0"
        ],
        "x-ms-client-request-id": [
          "5f49152e-979a-4735-825b-437c13b44c11"
        ]
      },
      "ResponseBody": "{\r\n  \"error\": {\r\n    \"code\": \"ResourceNotFound\",\r\n    \"message\": \"The requested resource of type 'Microsoft.Sql/servers/databases/syncGroups' with name 'onesdk2246' was not found.\"\r\n  }\r\n}",
      "ResponseHeaders": {
        "Content-Length": [
          "163"
        ],
        "Content-Type": [
          "application/json; charset=utf-8"
        ],
        "Expires": [
          "-1"
        ],
        "Pragma": [
          "no-cache"
        ],
        "x-ms-request-id": [
          "363bdf0e-589c-4374-9702-0732f02200dc"
        ],
        "x-ms-ratelimit-remaining-subscription-reads": [
          "14913"
        ],
        "x-ms-correlation-request-id": [
          "679b4d6b-e699-4623-8a7c-446ee51d2547"
        ],
        "x-ms-routing-request-id": [
          "CENTRALUS:20170524T144055Z:679b4d6b-e699-4623-8a7c-446ee51d2547"
        ],
        "Strict-Transport-Security": [
          "max-age=31536000; includeSubDomains"
        ],
        "Cache-Control": [
          "no-cache"
        ],
        "Date": [
          "Wed, 24 May 2017 14:40:55 GMT"
        ],
        "Server": [
          "Microsoft-HTTPAPI/2.0"
        ]
      },
      "StatusCode": 404
    },
    {
      "RequestUri": "/subscriptions/b3ee3a7f-7614-4644-ad07-afa832620b4b/resourceGroups/onesdk3413/providers/Microsoft.Sql/servers/onesdk979/databases/onesdk4838/syncGroups/onesdk2246?api-version=2015-05-01-preview",
      "EncodedRequestUri": "L3N1YnNjcmlwdGlvbnMvYjNlZTNhN2YtNzYxNC00NjQ0LWFkMDctYWZhODMyNjIwYjRiL3Jlc291cmNlR3JvdXBzL29uZXNkazM0MTMvcHJvdmlkZXJzL01pY3Jvc29mdC5TcWwvc2VydmVycy9vbmVzZGs5NzkvZGF0YWJhc2VzL29uZXNkazQ4Mzgvc3luY0dyb3Vwcy9vbmVzZGsyMjQ2P2FwaS12ZXJzaW9uPTIwMTUtMDUtMDEtcHJldmlldw==",
      "RequestMethod": "GET",
      "RequestBody": "",
      "RequestHeaders": {
        "User-Agent": [
          "Microsoft.Azure.Management.Sql.LegacySdk.SqlManagementClient/3.0.0.0"
        ],
        "x-ms-client-request-id": [
          "47a847cb-d123-4fe6-95d2-1f3fc816925e"
        ]
      },
      "ResponseBody": "{\r\n  \"id\": \"/subscriptions/b3ee3a7f-7614-4644-ad07-afa832620b4b/resourceGroups/onesdk3413/providers/Microsoft.Sql/servers/onesdk979/databases/onesdk4838/syncGroups/onesdk2246\",\r\n  \"name\": \"onesdk2246\",\r\n  \"type\": \"Microsoft.Sql/servers/databases/syncGroups\",\r\n  \"kind\": \"\",\r\n  \"properties\": {\r\n    \"interval\": 300,\r\n    \"lastSyncTime\": \"0001-01-01T00:00:00Z\",\r\n    \"conflictResolutionPolicy\": \"HubWin\",\r\n    \"syncDatabaseId\": \"/subscriptions/b3ee3a7f-7614-4644-ad07-afa832620b4b/resourceGroups/onesdk3413/providers/Microsoft.Sql/servers/onesdk979/databases/onesdk2042\",\r\n    \"hubDatabaseUserName\": \"testusername\",\r\n    \"syncState\": \"NotReady\"\r\n  }\r\n}",
      "ResponseHeaders": {
        "Content-Length": [
          "577"
        ],
        "Content-Type": [
          "application/json; charset=utf-8"
        ],
        "Expires": [
          "-1"
        ],
        "Pragma": [
          "no-cache"
        ],
        "x-ms-request-id": [
          "9870812c-5f9a-49d3-9289-30b8a2677947"
        ],
        "x-ms-ratelimit-remaining-subscription-reads": [
          "14909"
        ],
        "x-ms-correlation-request-id": [
          "46d38415-cc99-4aac-bd4a-af256bc8ce3f"
        ],
        "x-ms-routing-request-id": [
          "CENTRALUS:20170524T144128Z:46d38415-cc99-4aac-bd4a-af256bc8ce3f"
        ],
        "Strict-Transport-Security": [
          "max-age=31536000; includeSubDomains"
        ],
        "Cache-Control": [
          "no-cache"
        ],
        "Date": [
          "Wed, 24 May 2017 14:41:28 GMT"
        ],
        "Server": [
          "Microsoft-HTTPAPI/2.0"
        ]
      },
      "StatusCode": 200
    },
    {
      "RequestUri": "/subscriptions/b3ee3a7f-7614-4644-ad07-afa832620b4b/resourceGroups/onesdk3413/providers/Microsoft.Sql/servers/onesdk979/databases/onesdk4838/syncGroups/onesdk2246?api-version=2015-05-01-preview",
      "EncodedRequestUri": "L3N1YnNjcmlwdGlvbnMvYjNlZTNhN2YtNzYxNC00NjQ0LWFkMDctYWZhODMyNjIwYjRiL3Jlc291cmNlR3JvdXBzL29uZXNkazM0MTMvcHJvdmlkZXJzL01pY3Jvc29mdC5TcWwvc2VydmVycy9vbmVzZGs5NzkvZGF0YWJhc2VzL29uZXNkazQ4Mzgvc3luY0dyb3Vwcy9vbmVzZGsyMjQ2P2FwaS12ZXJzaW9uPTIwMTUtMDUtMDEtcHJldmlldw==",
      "RequestMethod": "PUT",
      "RequestBody": "{\r\n  \"properties\": {\r\n    \"interval\": 300,\r\n    \"conflictResolutionPolicy\": \"HubWin\",\r\n    \"syncDatabaseId\": \"/subscriptions/b3ee3a7f-7614-4644-ad07-afa832620b4b/resourceGroups/onesdk3413/providers/Microsoft.Sql/servers/onesdk979/databases/onesdk2042\",\r\n    \"hubDatabaseUserName\": \"testusername\",\r\n    \"hubDatabasePassword\": \"t357ingP@s5w0rd!\"\r\n  }\r\n}",
      "RequestHeaders": {
        "Content-Type": [
          "application/json; charset=utf-8"
        ],
        "Content-Length": [
          "351"
        ],
        "User-Agent": [
          "Microsoft.Azure.Management.Sql.LegacySdk.SqlManagementClient/3.0.0.0"
        ],
        "x-ms-client-request-id": [
          "49f24b11-e98c-4eee-a872-6903cc440a66"
        ]
      },
      "ResponseBody": "{\r\n  \"operation\": \"UpsertSyncGroup\",\r\n  \"startTime\": \"2017-05-24T14:40:58.427Z\"\r\n}",
      "ResponseHeaders": {
        "Content-Length": [
          "70"
        ],
        "Content-Type": [
          "application/json; charset=utf-8"
        ],
        "Expires": [
          "-1"
        ],
        "Pragma": [
          "no-cache"
        ],
        "Retry-After": [
          "15"
        ],
        "x-ms-request-id": [
          "c4dbbd9e-8e51-470b-a41f-d103ff6feda3"
        ],
        "x-ms-ratelimit-remaining-subscription-writes": [
          "1177"
        ],
        "x-ms-correlation-request-id": [
          "e99e65a5-f3f5-433d-86d5-0da4f77e91aa"
        ],
        "x-ms-routing-request-id": [
          "CENTRALUS:20170524T144056Z:e99e65a5-f3f5-433d-86d5-0da4f77e91aa"
        ],
        "Strict-Transport-Security": [
          "max-age=31536000; includeSubDomains"
        ],
        "Cache-Control": [
          "no-cache"
        ],
        "Date": [
          "Wed, 24 May 2017 14:40:55 GMT"
        ],
        "Location": [
          "https://api-dogfood.resources.windows-int.net/subscriptions/b3ee3a7f-7614-4644-ad07-afa832620b4b/providers/Microsoft.Sql/locations/West%20US%202/syncGroupOperationResults/c4dbbd9e-8e51-470b-a41f-d103ff6feda3?api-version=2015-05-01-preview"
        ],
        "Server": [
          "Microsoft-HTTPAPI/2.0"
        ]
      },
      "StatusCode": 202
    },
    {
      "RequestUri": "/subscriptions/b3ee3a7f-7614-4644-ad07-afa832620b4b/providers/Microsoft.Sql/locations/West%20US%202/syncGroupOperationResults/c4dbbd9e-8e51-470b-a41f-d103ff6feda3?api-version=2015-05-01-preview",
      "EncodedRequestUri": "L3N1YnNjcmlwdGlvbnMvYjNlZTNhN2YtNzYxNC00NjQ0LWFkMDctYWZhODMyNjIwYjRiL3Byb3ZpZGVycy9NaWNyb3NvZnQuU3FsL2xvY2F0aW9ucy9XZXN0JTIwVVMlMjAyL3N5bmNHcm91cE9wZXJhdGlvblJlc3VsdHMvYzRkYmJkOWUtOGU1MS00NzBiLWE0MWYtZDEwM2ZmNmZlZGEzP2FwaS12ZXJzaW9uPTIwMTUtMDUtMDEtcHJldmlldw==",
      "RequestMethod": "GET",
      "RequestBody": "",
      "RequestHeaders": {
        "User-Agent": [
          "Microsoft.Azure.Management.Sql.LegacySdk.SqlManagementClient/3.0.0.0"
        ],
        "x-ms-client-request-id": [
          "49f24b11-e98c-4eee-a872-6903cc440a66"
        ]
      },
      "ResponseBody": "{\r\n  \"operation\": \"UpsertSyncGroup\",\r\n  \"startTime\": \"2017-05-24T14:40:58.427Z\"\r\n}",
      "ResponseHeaders": {
        "Content-Length": [
          "70"
        ],
        "Content-Type": [
          "application/json; charset=utf-8"
        ],
        "Expires": [
          "-1"
        ],
        "Pragma": [
          "no-cache"
        ],
        "Retry-After": [
          "15"
        ],
        "x-ms-request-id": [
          "98c8a893-7191-4b8e-9633-8704e905bde8"
        ],
        "x-ms-ratelimit-remaining-subscription-reads": [
          "14912"
        ],
        "x-ms-correlation-request-id": [
          "0fd0af50-84ad-4e19-9cbc-c870e433e229"
        ],
        "x-ms-routing-request-id": [
          "CENTRALUS:20170524T144057Z:0fd0af50-84ad-4e19-9cbc-c870e433e229"
        ],
        "Strict-Transport-Security": [
          "max-age=31536000; includeSubDomains"
        ],
        "Cache-Control": [
          "no-cache"
        ],
        "Date": [
          "Wed, 24 May 2017 14:40:56 GMT"
        ],
        "Location": [
          "https://api-dogfood.resources.windows-int.net/subscriptions/b3ee3a7f-7614-4644-ad07-afa832620b4b/providers/Microsoft.Sql/locations/West%20US%202/syncGroupOperationResults/c4dbbd9e-8e51-470b-a41f-d103ff6feda3?api-version=2015-05-01-preview"
        ],
        "Server": [
          "Microsoft-HTTPAPI/2.0"
        ]
      },
      "StatusCode": 202
    },
    {
      "RequestUri": "/subscriptions/b3ee3a7f-7614-4644-ad07-afa832620b4b/providers/Microsoft.Sql/locations/West%20US%202/syncGroupOperationResults/c4dbbd9e-8e51-470b-a41f-d103ff6feda3?api-version=2015-05-01-preview",
      "EncodedRequestUri": "L3N1YnNjcmlwdGlvbnMvYjNlZTNhN2YtNzYxNC00NjQ0LWFkMDctYWZhODMyNjIwYjRiL3Byb3ZpZGVycy9NaWNyb3NvZnQuU3FsL2xvY2F0aW9ucy9XZXN0JTIwVVMlMjAyL3N5bmNHcm91cE9wZXJhdGlvblJlc3VsdHMvYzRkYmJkOWUtOGU1MS00NzBiLWE0MWYtZDEwM2ZmNmZlZGEzP2FwaS12ZXJzaW9uPTIwMTUtMDUtMDEtcHJldmlldw==",
      "RequestMethod": "GET",
      "RequestBody": "",
      "RequestHeaders": {
        "User-Agent": [
          "Microsoft.Azure.Management.Sql.LegacySdk.SqlManagementClient/3.0.0.0"
        ],
        "x-ms-client-request-id": [
          "49f24b11-e98c-4eee-a872-6903cc440a66"
        ]
      },
      "ResponseBody": "{\r\n  \"operation\": \"UpsertSyncGroup\",\r\n  \"startTime\": \"2017-05-24T14:40:58.427Z\"\r\n}",
      "ResponseHeaders": {
        "Content-Length": [
          "70"
        ],
        "Content-Type": [
          "application/json; charset=utf-8"
        ],
        "Expires": [
          "-1"
        ],
        "Pragma": [
          "no-cache"
        ],
        "Retry-After": [
          "15"
        ],
        "x-ms-request-id": [
          "5a824605-69b8-4bbb-9f94-7932901448cd"
        ],
        "x-ms-ratelimit-remaining-subscription-reads": [
          "14911"
        ],
        "x-ms-correlation-request-id": [
          "660af0ec-e5da-4b2a-908f-9064c42e45d5"
        ],
        "x-ms-routing-request-id": [
          "CENTRALUS:20170524T144112Z:660af0ec-e5da-4b2a-908f-9064c42e45d5"
        ],
        "Strict-Transport-Security": [
          "max-age=31536000; includeSubDomains"
        ],
        "Cache-Control": [
          "no-cache"
        ],
        "Date": [
          "Wed, 24 May 2017 14:41:12 GMT"
        ],
        "Location": [
          "https://api-dogfood.resources.windows-int.net/subscriptions/b3ee3a7f-7614-4644-ad07-afa832620b4b/providers/Microsoft.Sql/locations/West%20US%202/syncGroupOperationResults/c4dbbd9e-8e51-470b-a41f-d103ff6feda3?api-version=2015-05-01-preview"
        ],
        "Server": [
          "Microsoft-HTTPAPI/2.0"
        ]
      },
      "StatusCode": 202
    },
    {
      "RequestUri": "/subscriptions/b3ee3a7f-7614-4644-ad07-afa832620b4b/providers/Microsoft.Sql/locations/West%20US%202/syncGroupOperationResults/c4dbbd9e-8e51-470b-a41f-d103ff6feda3?api-version=2015-05-01-preview",
      "EncodedRequestUri": "L3N1YnNjcmlwdGlvbnMvYjNlZTNhN2YtNzYxNC00NjQ0LWFkMDctYWZhODMyNjIwYjRiL3Byb3ZpZGVycy9NaWNyb3NvZnQuU3FsL2xvY2F0aW9ucy9XZXN0JTIwVVMlMjAyL3N5bmNHcm91cE9wZXJhdGlvblJlc3VsdHMvYzRkYmJkOWUtOGU1MS00NzBiLWE0MWYtZDEwM2ZmNmZlZGEzP2FwaS12ZXJzaW9uPTIwMTUtMDUtMDEtcHJldmlldw==",
      "RequestMethod": "GET",
      "RequestBody": "",
      "RequestHeaders": {
        "User-Agent": [
          "Microsoft.Azure.Management.Sql.LegacySdk.SqlManagementClient/3.0.0.0"
        ],
        "x-ms-client-request-id": [
          "49f24b11-e98c-4eee-a872-6903cc440a66"
        ]
      },
      "ResponseBody": "{\r\n  \"id\": \"/subscriptions/b3ee3a7f-7614-4644-ad07-afa832620b4b/resourceGroups/onesdk3413/providers/Microsoft.Sql/servers/onesdk979/databases/onesdk4838/syncGroups/onesdk2246\",\r\n  \"name\": \"onesdk2246\",\r\n  \"type\": \"Microsoft.Sql/servers/databases/syncGroups\",\r\n  \"kind\": \"\",\r\n  \"properties\": {\r\n    \"interval\": 300,\r\n    \"lastSyncTime\": \"0001-01-01T00:00:00Z\",\r\n    \"conflictResolutionPolicy\": \"HubWin\",\r\n    \"syncDatabaseId\": \"/subscriptions/b3ee3a7f-7614-4644-ad07-afa832620b4b/resourceGroups/onesdk3413/providers/Microsoft.Sql/servers/onesdk979/databases/onesdk2042\",\r\n    \"syncState\": \"Good\"\r\n  }\r\n}",
      "ResponseHeaders": {
        "Content-Length": [
          "536"
        ],
        "Content-Type": [
          "application/json; charset=utf-8"
        ],
        "Expires": [
          "-1"
        ],
        "Pragma": [
          "no-cache"
        ],
        "x-ms-request-id": [
          "3ea3f476-a104-4ddd-bb9c-29d19ea12069"
        ],
        "x-ms-ratelimit-remaining-subscription-reads": [
          "14910"
        ],
        "x-ms-correlation-request-id": [
          "8c03e0c9-bbcf-48f3-bc63-beb18019ddfe"
        ],
        "x-ms-routing-request-id": [
          "CENTRALUS:20170524T144128Z:8c03e0c9-bbcf-48f3-bc63-beb18019ddfe"
        ],
        "Strict-Transport-Security": [
          "max-age=31536000; includeSubDomains"
        ],
        "Cache-Control": [
          "no-cache"
        ],
        "Date": [
          "Wed, 24 May 2017 14:41:27 GMT"
        ],
        "Server": [
          "Microsoft-HTTPAPI/2.0"
        ]
      },
      "StatusCode": 201
    },
    {
      "RequestUri": "/subscriptions/b3ee3a7f-7614-4644-ad07-afa832620b4b/resourceGroups/onesdk3413/providers/Microsoft.Sql/servers/onesdk979/databases/onesdk4838/syncGroups?api-version=2015-05-01-preview",
      "EncodedRequestUri": "L3N1YnNjcmlwdGlvbnMvYjNlZTNhN2YtNzYxNC00NjQ0LWFkMDctYWZhODMyNjIwYjRiL3Jlc291cmNlR3JvdXBzL29uZXNkazM0MTMvcHJvdmlkZXJzL01pY3Jvc29mdC5TcWwvc2VydmVycy9vbmVzZGs5NzkvZGF0YWJhc2VzL29uZXNkazQ4Mzgvc3luY0dyb3Vwcz9hcGktdmVyc2lvbj0yMDE1LTA1LTAxLXByZXZpZXc=",
      "RequestMethod": "GET",
      "RequestBody": "",
      "RequestHeaders": {
        "User-Agent": [
          "Microsoft.Azure.Management.Sql.LegacySdk.SqlManagementClient/3.0.0.0"
        ],
        "x-ms-client-request-id": [
          "9f43e730-22e5-405b-90d5-f13657060270"
        ]
      },
      "ResponseBody": "{\r\n  \"value\": [\r\n    {\r\n      \"id\": \"/subscriptions/b3ee3a7f-7614-4644-ad07-afa832620b4b/resourceGroups/onesdk3413/providers/Microsoft.Sql/servers/onesdk979/databases/onesdk4838/syncGroups/onesdk2246\",\r\n      \"name\": \"onesdk2246\",\r\n      \"type\": \"Microsoft.Sql/servers/databases/syncGroups\",\r\n      \"kind\": \"\",\r\n      \"properties\": {\r\n        \"interval\": 300,\r\n        \"lastSyncTime\": \"0001-01-01T00:00:00Z\",\r\n        \"conflictResolutionPolicy\": \"HubWin\",\r\n        \"syncDatabaseId\": \"/subscriptions/b3ee3a7f-7614-4644-ad07-afa832620b4b/resourceGroups/onesdk3413/providers/Microsoft.Sql/servers/onesdk979/databases/onesdk2042\",\r\n        \"hubDatabaseUserName\": \"testusername\",\r\n        \"syncState\": \"NotReady\"\r\n      }\r\n    }\r\n  ]\r\n}",
      "ResponseHeaders": {
        "Content-Length": [
          "589"
        ],
        "Content-Type": [
          "application/json; charset=utf-8"
        ],
        "Expires": [
          "-1"
        ],
        "Pragma": [
          "no-cache"
        ],
        "x-ms-request-id": [
          "6e2de569-3bd4-482c-b591-4fa8a0f0736e"
        ],
        "x-ms-ratelimit-remaining-subscription-reads": [
          "14908"
        ],
        "x-ms-correlation-request-id": [
          "0cfb2b6c-17d4-49ac-94fb-5e6288ed14e9"
        ],
        "x-ms-routing-request-id": [
          "CENTRALUS:20170524T144129Z:0cfb2b6c-17d4-49ac-94fb-5e6288ed14e9"
        ],
        "Strict-Transport-Security": [
          "max-age=31536000; includeSubDomains"
        ],
        "Cache-Control": [
          "no-cache"
        ],
        "Date": [
          "Wed, 24 May 2017 14:41:28 GMT"
        ],
        "Server": [
          "Microsoft-HTTPAPI/2.0"
        ]
      },
      "StatusCode": 200
    },
    {
      "RequestUri": "/subscriptions/b3ee3a7f-7614-4644-ad07-afa832620b4b/resourceGroups/onesdk3413/providers/Microsoft.Sql/servers/onesdk979?api-version=2014-04-01",
      "EncodedRequestUri": "L3N1YnNjcmlwdGlvbnMvYjNlZTNhN2YtNzYxNC00NjQ0LWFkMDctYWZhODMyNjIwYjRiL3Jlc291cmNlR3JvdXBzL29uZXNkazM0MTMvcHJvdmlkZXJzL01pY3Jvc29mdC5TcWwvc2VydmVycy9vbmVzZGs5Nzk/YXBpLXZlcnNpb249MjAxNC0wNC0wMQ==",
      "RequestMethod": "DELETE",
      "RequestBody": "",
      "RequestHeaders": {
        "x-ms-client-request-id": [
          "01b0bed1-ea10-4274-ac5b-f92a4b5bc182"
        ],
        "accept-language": [
          "en-US"
        ],
        "User-Agent": [
          "FxVersion/4.7.2046.0",
          "OSName/Windows10Enterprise",
          "OSVersion/6.3.15063",
          "Microsoft.Azure.Management.Sql.SqlManagementClient/1.3.0.0"
        ]
      },
      "ResponseBody": "",
      "ResponseHeaders": {
        "Content-Length": [
          "0"
        ],
        "Content-Type": [
          "application/xml; charset=utf-8"
        ],
        "x-ms-request-id": [
          "315ecf34-8e35-4c83-b011-5e158cfdcdcb"
        ],
        "X-Content-Type-Options": [
          "nosniff"
        ],
        "DataServiceVersion": [
          "1.0;"
        ],
        "Strict-Transport-Security": [
          "max-age=31536000; includeSubDomains"
        ],
        "x-ms-ratelimit-remaining-subscription-writes": [
          "1192"
        ],
        "x-ms-correlation-request-id": [
          "fd300d8d-82d2-494e-8a27-c7b3a2a663de"
        ],
        "x-ms-routing-request-id": [
          "CENTRALUS:20170524T144203Z:fd300d8d-82d2-494e-8a27-c7b3a2a663de"
        ],
        "Cache-Control": [
          "no-store, no-cache"
        ],
        "Date": [
          "Wed, 24 May 2017 14:42:03 GMT"
        ],
        "Server": [
          "Microsoft-HTTPAPI/2.0"
        ]
      },
      "StatusCode": 200
    },
    {
      "RequestUri": "/subscriptions/b3ee3a7f-7614-4644-ad07-afa832620b4b/resourcegroups/onesdk3413?api-version=2016-02-01",
      "EncodedRequestUri": "L3N1YnNjcmlwdGlvbnMvYjNlZTNhN2YtNzYxNC00NjQ0LWFkMDctYWZhODMyNjIwYjRiL3Jlc291cmNlZ3JvdXBzL29uZXNkazM0MTM/YXBpLXZlcnNpb249MjAxNi0wMi0wMQ==",
      "RequestMethod": "DELETE",
      "RequestBody": "",
      "RequestHeaders": {
        "User-Agent": [
          "Microsoft.Azure.Management.Resources.ResourceManagementClient/2.0.0.0"
        ]
      },
      "ResponseBody": "",
      "ResponseHeaders": {
        "Content-Length": [
          "0"
        ],
        "Expires": [
          "-1"
        ],
        "Pragma": [
          "no-cache"
        ],
        "Retry-After": [
          "15"
        ],
        "x-ms-ratelimit-remaining-subscription-writes": [
          "1197"
        ],
        "x-ms-request-id": [
          "1b2ec175-e7f2-4a17-8b24-39c610e6e10b"
        ],
        "x-ms-correlation-request-id": [
          "1b2ec175-e7f2-4a17-8b24-39c610e6e10b"
        ],
        "x-ms-routing-request-id": [
          "CENTRALUS:20170524T144206Z:1b2ec175-e7f2-4a17-8b24-39c610e6e10b"
        ],
        "Strict-Transport-Security": [
          "max-age=31536000; includeSubDomains"
        ],
        "Cache-Control": [
          "no-cache"
        ],
        "Date": [
          "Wed, 24 May 2017 14:42:06 GMT"
        ],
        "Location": [
          "https://api-dogfood.resources.windows-int.net/subscriptions/b3ee3a7f-7614-4644-ad07-afa832620b4b/operationresults/eyJqb2JJZCI6IlJFU09VUkNFR1JPVVBERUxFVElPTkpPQi1PTkVTREszNDEzLUpBUEFORUFTVCIsImpvYkxvY2F0aW9uIjoiamFwYW5lYXN0In0?api-version=2016-02-01"
        ]
      },
      "StatusCode": 202
    },
    {
      "RequestUri": "/subscriptions/b3ee3a7f-7614-4644-ad07-afa832620b4b/operationresults/eyJqb2JJZCI6IlJFU09VUkNFR1JPVVBERUxFVElPTkpPQi1PTkVTREszNDEzLUpBUEFORUFTVCIsImpvYkxvY2F0aW9uIjoiamFwYW5lYXN0In0?api-version=2016-02-01",
      "EncodedRequestUri": "L3N1YnNjcmlwdGlvbnMvYjNlZTNhN2YtNzYxNC00NjQ0LWFkMDctYWZhODMyNjIwYjRiL29wZXJhdGlvbnJlc3VsdHMvZXlKcWIySkpaQ0k2SWxKRlUwOVZVa05GUjFKUFZWQkVSVXhGVkVsUFRrcFBRaTFQVGtWVFJFc3pOREV6TFVwQlVFRk9SVUZUVkNJc0ltcHZZa3h2WTJGMGFXOXVJam9pYW1Gd1lXNWxZWE4wSW4wP2FwaS12ZXJzaW9uPTIwMTYtMDItMDE=",
      "RequestMethod": "GET",
      "RequestBody": "",
      "RequestHeaders": {
        "x-ms-version": [
          "2016-02-01"
        ],
        "User-Agent": [
          "Microsoft.Azure.Management.Resources.ResourceManagementClient/2.0.0.0"
        ]
      },
      "ResponseBody": "",
      "ResponseHeaders": {
        "Content-Length": [
          "0"
        ],
        "Expires": [
          "-1"
        ],
        "Pragma": [
          "no-cache"
        ],
        "Retry-After": [
          "15"
        ],
        "x-ms-ratelimit-remaining-subscription-reads": [
          "14984"
        ],
        "x-ms-request-id": [
          "2a3a2106-b8ce-4c52-b9a6-70b4f723a7fb"
        ],
        "x-ms-correlation-request-id": [
          "2a3a2106-b8ce-4c52-b9a6-70b4f723a7fb"
        ],
        "x-ms-routing-request-id": [
          "CENTRALUS:20170524T144207Z:2a3a2106-b8ce-4c52-b9a6-70b4f723a7fb"
        ],
        "Strict-Transport-Security": [
          "max-age=31536000; includeSubDomains"
        ],
        "Cache-Control": [
          "no-cache"
        ],
        "Date": [
          "Wed, 24 May 2017 14:42:06 GMT"
        ],
        "Location": [
          "https://api-dogfood.resources.windows-int.net/subscriptions/b3ee3a7f-7614-4644-ad07-afa832620b4b/operationresults/eyJqb2JJZCI6IlJFU09VUkNFR1JPVVBERUxFVElPTkpPQi1PTkVTREszNDEzLUpBUEFORUFTVCIsImpvYkxvY2F0aW9uIjoiamFwYW5lYXN0In0?api-version=2016-02-01"
        ]
      },
      "StatusCode": 202
    },
    {
      "RequestUri": "/subscriptions/b3ee3a7f-7614-4644-ad07-afa832620b4b/operationresults/eyJqb2JJZCI6IlJFU09VUkNFR1JPVVBERUxFVElPTkpPQi1PTkVTREszNDEzLUpBUEFORUFTVCIsImpvYkxvY2F0aW9uIjoiamFwYW5lYXN0In0?api-version=2016-02-01",
      "EncodedRequestUri": "L3N1YnNjcmlwdGlvbnMvYjNlZTNhN2YtNzYxNC00NjQ0LWFkMDctYWZhODMyNjIwYjRiL29wZXJhdGlvbnJlc3VsdHMvZXlKcWIySkpaQ0k2SWxKRlUwOVZVa05GUjFKUFZWQkVSVXhGVkVsUFRrcFBRaTFQVGtWVFJFc3pOREV6TFVwQlVFRk9SVUZUVkNJc0ltcHZZa3h2WTJGMGFXOXVJam9pYW1Gd1lXNWxZWE4wSW4wP2FwaS12ZXJzaW9uPTIwMTYtMDItMDE=",
      "RequestMethod": "GET",
      "RequestBody": "",
      "RequestHeaders": {
        "x-ms-version": [
          "2016-02-01"
        ],
        "User-Agent": [
          "Microsoft.Azure.Management.Resources.ResourceManagementClient/2.0.0.0"
        ]
      },
      "ResponseBody": "",
      "ResponseHeaders": {
        "Content-Length": [
          "0"
        ],
        "Expires": [
          "-1"
        ],
        "Pragma": [
          "no-cache"
        ],
        "Retry-After": [
          "15"
        ],
        "x-ms-ratelimit-remaining-subscription-reads": [
          "14983"
        ],
        "x-ms-request-id": [
          "82bc3bcf-7cfb-487e-afe2-a929b42994e8"
        ],
        "x-ms-correlation-request-id": [
          "82bc3bcf-7cfb-487e-afe2-a929b42994e8"
        ],
        "x-ms-routing-request-id": [
          "CENTRALUS:20170524T144223Z:82bc3bcf-7cfb-487e-afe2-a929b42994e8"
        ],
        "Strict-Transport-Security": [
          "max-age=31536000; includeSubDomains"
        ],
        "Cache-Control": [
          "no-cache"
        ],
        "Date": [
          "Wed, 24 May 2017 14:42:22 GMT"
        ],
        "Location": [
          "https://api-dogfood.resources.windows-int.net/subscriptions/b3ee3a7f-7614-4644-ad07-afa832620b4b/operationresults/eyJqb2JJZCI6IlJFU09VUkNFR1JPVVBERUxFVElPTkpPQi1PTkVTREszNDEzLUpBUEFORUFTVCIsImpvYkxvY2F0aW9uIjoiamFwYW5lYXN0In0?api-version=2016-02-01"
        ]
      },
      "StatusCode": 202
    },
    {
      "RequestUri": "/subscriptions/b3ee3a7f-7614-4644-ad07-afa832620b4b/operationresults/eyJqb2JJZCI6IlJFU09VUkNFR1JPVVBERUxFVElPTkpPQi1PTkVTREszNDEzLUpBUEFORUFTVCIsImpvYkxvY2F0aW9uIjoiamFwYW5lYXN0In0?api-version=2016-02-01",
      "EncodedRequestUri": "L3N1YnNjcmlwdGlvbnMvYjNlZTNhN2YtNzYxNC00NjQ0LWFkMDctYWZhODMyNjIwYjRiL29wZXJhdGlvbnJlc3VsdHMvZXlKcWIySkpaQ0k2SWxKRlUwOVZVa05GUjFKUFZWQkVSVXhGVkVsUFRrcFBRaTFQVGtWVFJFc3pOREV6TFVwQlVFRk9SVUZUVkNJc0ltcHZZa3h2WTJGMGFXOXVJam9pYW1Gd1lXNWxZWE4wSW4wP2FwaS12ZXJzaW9uPTIwMTYtMDItMDE=",
      "RequestMethod": "GET",
      "RequestBody": "",
      "RequestHeaders": {
        "x-ms-version": [
          "2016-02-01"
        ],
        "User-Agent": [
          "Microsoft.Azure.Management.Resources.ResourceManagementClient/2.0.0.0"
        ]
      },
      "ResponseBody": "",
      "ResponseHeaders": {
        "Content-Length": [
          "0"
        ],
        "Expires": [
          "-1"
        ],
        "Pragma": [
          "no-cache"
        ],
        "Retry-After": [
          "15"
        ],
        "x-ms-ratelimit-remaining-subscription-reads": [
          "14982"
        ],
        "x-ms-request-id": [
          "6844a2fa-810e-4715-a7b5-cead141b3046"
        ],
        "x-ms-correlation-request-id": [
          "6844a2fa-810e-4715-a7b5-cead141b3046"
        ],
        "x-ms-routing-request-id": [
          "CENTRALUS:20170524T144238Z:6844a2fa-810e-4715-a7b5-cead141b3046"
        ],
        "Strict-Transport-Security": [
          "max-age=31536000; includeSubDomains"
        ],
        "Cache-Control": [
          "no-cache"
        ],
        "Date": [
          "Wed, 24 May 2017 14:42:38 GMT"
        ],
        "Location": [
          "https://api-dogfood.resources.windows-int.net/subscriptions/b3ee3a7f-7614-4644-ad07-afa832620b4b/operationresults/eyJqb2JJZCI6IlJFU09VUkNFR1JPVVBERUxFVElPTkpPQi1PTkVTREszNDEzLUpBUEFORUFTVCIsImpvYkxvY2F0aW9uIjoiamFwYW5lYXN0In0?api-version=2016-02-01"
        ]
      },
      "StatusCode": 202
    },
    {
      "RequestUri": "/subscriptions/b3ee3a7f-7614-4644-ad07-afa832620b4b/operationresults/eyJqb2JJZCI6IlJFU09VUkNFR1JPVVBERUxFVElPTkpPQi1PTkVTREszNDEzLUpBUEFORUFTVCIsImpvYkxvY2F0aW9uIjoiamFwYW5lYXN0In0?api-version=2016-02-01",
      "EncodedRequestUri": "L3N1YnNjcmlwdGlvbnMvYjNlZTNhN2YtNzYxNC00NjQ0LWFkMDctYWZhODMyNjIwYjRiL29wZXJhdGlvbnJlc3VsdHMvZXlKcWIySkpaQ0k2SWxKRlUwOVZVa05GUjFKUFZWQkVSVXhGVkVsUFRrcFBRaTFQVGtWVFJFc3pOREV6TFVwQlVFRk9SVUZUVkNJc0ltcHZZa3h2WTJGMGFXOXVJam9pYW1Gd1lXNWxZWE4wSW4wP2FwaS12ZXJzaW9uPTIwMTYtMDItMDE=",
      "RequestMethod": "GET",
      "RequestBody": "",
      "RequestHeaders": {
        "x-ms-version": [
          "2016-02-01"
        ],
        "User-Agent": [
          "Microsoft.Azure.Management.Resources.ResourceManagementClient/2.0.0.0"
        ]
      },
      "ResponseBody": "",
      "ResponseHeaders": {
        "Content-Length": [
          "0"
        ],
        "Expires": [
          "-1"
        ],
        "Pragma": [
          "no-cache"
        ],
        "x-ms-ratelimit-remaining-subscription-reads": [
          "14981"
        ],
        "x-ms-request-id": [
          "84157138-6dbf-41a5-ba6a-35cf7f6cf43e"
        ],
        "x-ms-correlation-request-id": [
          "84157138-6dbf-41a5-ba6a-35cf7f6cf43e"
        ],
        "x-ms-routing-request-id": [
          "CENTRALUS:20170524T144254Z:84157138-6dbf-41a5-ba6a-35cf7f6cf43e"
        ],
        "Strict-Transport-Security": [
          "max-age=31536000; includeSubDomains"
        ],
        "Cache-Control": [
          "no-cache"
        ],
        "Date": [
          "Wed, 24 May 2017 14:42:54 GMT"
        ]
      },
      "StatusCode": 200
    }
  ],
  "Names": {
    "Test-GetAndListSyncGroups": [
      "onesdk3413",
      "onesdk979",
      "onesdk4838",
      "onesdk2042",
      "onesdk2246"
    ]
  },
  "Variables": {
    "SubscriptionId": "b3ee3a7f-7614-4644-ad07-afa832620b4b",
    "User": "fangl@microsoft.com",
    "TenantId": "f686d426-8d16-42db-81b7-ab578e110ccd"
  }
}