{
  "Entries": [
    {
      "RequestUri": "/subscriptions/b3ee3a7f-7614-4644-ad07-afa832620b4b/resourcegroups/onesdk5177?api-version=2016-02-01",
      "EncodedRequestUri": "L3N1YnNjcmlwdGlvbnMvYjNlZTNhN2YtNzYxNC00NjQ0LWFkMDctYWZhODMyNjIwYjRiL3Jlc291cmNlZ3JvdXBzL29uZXNkazUxNzc/YXBpLXZlcnNpb249MjAxNi0wMi0wMQ==",
      "RequestMethod": "PUT",
      "RequestBody": "{\r\n  \"location\": \"Japan East\"\r\n}",
      "RequestHeaders": {
        "Content-Type": [
          "application/json; charset=utf-8"
        ],
        "Content-Length": [
          "32"
        ],
        "User-Agent": [
          "Microsoft.Azure.Management.Resources.ResourceManagementClient/2.0.0.0"
        ]
      },
      "ResponseBody": "{\r\n  \"id\": \"/subscriptions/b3ee3a7f-7614-4644-ad07-afa832620b4b/resourceGroups/onesdk5177\",\r\n  \"name\": \"onesdk5177\",\r\n  \"location\": \"japaneast\",\r\n  \"properties\": {\r\n    \"provisioningState\": \"Succeeded\"\r\n  }\r\n}",
      "ResponseHeaders": {
        "Content-Length": [
          "176"
        ],
        "Content-Type": [
          "application/json; charset=utf-8"
        ],
        "Expires": [
          "-1"
        ],
        "Pragma": [
          "no-cache"
        ],
        "x-ms-ratelimit-remaining-subscription-writes": [
          "1187"
        ],
        "x-ms-request-id": [
          "9508f2fb-56ae-4e48-829f-ad5aa955da14"
        ],
        "x-ms-correlation-request-id": [
          "9508f2fb-56ae-4e48-829f-ad5aa955da14"
        ],
        "x-ms-routing-request-id": [
          "WESTEUROPE:20170526T111036Z:9508f2fb-56ae-4e48-829f-ad5aa955da14"
        ],
        "Strict-Transport-Security": [
          "max-age=31536000; includeSubDomains"
        ],
        "Cache-Control": [
          "no-cache"
        ],
        "Date": [
          "Fri, 26 May 2017 11:10:36 GMT"
        ]
      },
      "StatusCode": 201
    },
    {
      "RequestUri": "/subscriptions/b3ee3a7f-7614-4644-ad07-afa832620b4b/resourceGroups/onesdk5177/providers/Microsoft.Sql/servers/onesdk9102?api-version=2014-04-01",
      "EncodedRequestUri": "L3N1YnNjcmlwdGlvbnMvYjNlZTNhN2YtNzYxNC00NjQ0LWFkMDctYWZhODMyNjIwYjRiL3Jlc291cmNlR3JvdXBzL29uZXNkazUxNzcvcHJvdmlkZXJzL01pY3Jvc29mdC5TcWwvc2VydmVycy9vbmVzZGs5MTAyP2FwaS12ZXJzaW9uPTIwMTQtMDQtMDE=",
      "RequestMethod": "GET",
      "RequestBody": "",
      "RequestHeaders": {
        "x-ms-client-request-id": [
          "78cab4d6-d134-4ce0-9580-d51cc0000c99"
        ],
        "accept-language": [
          "en-US"
        ],
        "User-Agent": [
          "FxVersion/4.7.2046.0",
          "OSName/Windows10Enterprise",
          "OSVersion/6.3.15063",
          "Microsoft.Azure.Management.Sql.SqlManagementClient/1.3.0.0"
        ]
      },
      "ResponseBody": "{\r\n  \"error\": {\r\n    \"code\": \"ResourceNotFound\",\r\n    \"message\": \"The Resource 'Microsoft.Sql/servers/onesdk9102' under resource group 'onesdk5177' was not found.\"\r\n  }\r\n}",
      "ResponseHeaders": {
        "Content-Length": [
          "146"
        ],
        "Content-Type": [
          "application/json; charset=utf-8"
        ],
        "Expires": [
          "-1"
        ],
        "Pragma": [
          "no-cache"
        ],
        "x-ms-failure-cause": [
          "gateway"
        ],
        "x-ms-request-id": [
          "f72267cc-f5ee-4565-b5a3-2b95cc860307"
        ],
        "x-ms-correlation-request-id": [
          "f72267cc-f5ee-4565-b5a3-2b95cc860307"
        ],
        "x-ms-routing-request-id": [
          "WESTEUROPE:20170526T111038Z:f72267cc-f5ee-4565-b5a3-2b95cc860307"
        ],
        "Strict-Transport-Security": [
          "max-age=31536000; includeSubDomains"
        ],
        "Cache-Control": [
          "no-cache"
        ],
        "Date": [
          "Fri, 26 May 2017 11:10:38 GMT"
        ]
      },
      "StatusCode": 404
    },
    {
      "RequestUri": "/subscriptions/b3ee3a7f-7614-4644-ad07-afa832620b4b/resourceGroups/onesdk5177/providers/Microsoft.Sql/servers/onesdk9102?api-version=2014-04-01",
      "EncodedRequestUri": "L3N1YnNjcmlwdGlvbnMvYjNlZTNhN2YtNzYxNC00NjQ0LWFkMDctYWZhODMyNjIwYjRiL3Jlc291cmNlR3JvdXBzL29uZXNkazUxNzcvcHJvdmlkZXJzL01pY3Jvc29mdC5TcWwvc2VydmVycy9vbmVzZGs5MTAyP2FwaS12ZXJzaW9uPTIwMTQtMDQtMDE=",
      "RequestMethod": "GET",
      "RequestBody": "",
      "RequestHeaders": {
        "x-ms-client-request-id": [
          "fed5d501-e0d6-4f7f-b13c-05b35a1c1e42"
        ],
        "accept-language": [
          "en-US"
        ],
        "User-Agent": [
          "FxVersion/4.7.2046.0",
          "OSName/Windows10Enterprise",
          "OSVersion/6.3.15063",
          "Microsoft.Azure.Management.Sql.SqlManagementClient/1.3.0.0"
        ]
      },
      "ResponseBody": "{\r\n  \"id\": \"/subscriptions/b3ee3a7f-7614-4644-ad07-afa832620b4b/resourceGroups/onesdk5177/providers/Microsoft.Sql/servers/onesdk9102\",\r\n  \"name\": \"onesdk9102\",\r\n  \"type\": \"Microsoft.Sql/servers\",\r\n  \"location\": \"West US 2\",\r\n  \"kind\": \"v12.0\",\r\n  \"properties\": {\r\n    \"fullyQualifiedDomainName\": \"onesdk9102.sqltest-eg1.mscds.com\",\r\n    \"administratorLogin\": \"testusername\",\r\n    \"administratorLoginPassword\": null,\r\n    \"externalAdministratorLogin\": null,\r\n    \"externalAdministratorSid\": null,\r\n    \"version\": \"12.0\",\r\n    \"state\": \"Ready\"\r\n  }\r\n}",
      "ResponseHeaders": {
        "Content-Length": [
          "464"
        ],
        "Content-Type": [
          "application/json; odata=minimalmetadata; streaming=true; charset=utf-8"
        ],
        "x-ms-request-id": [
          "69e88e9c-26e2-4029-98c4-917ba4fb2a71"
        ],
        "X-Content-Type-Options": [
          "nosniff"
        ],
        "DataServiceVersion": [
          "3.0;"
        ],
        "Strict-Transport-Security": [
          "max-age=31536000; includeSubDomains"
        ],
        "x-ms-ratelimit-remaining-subscription-reads": [
          "14956"
        ],
        "x-ms-correlation-request-id": [
          "90e37b13-c1ca-4277-b031-2e62b4e107e7"
        ],
        "x-ms-routing-request-id": [
          "WESTEUROPE:20170526T111121Z:90e37b13-c1ca-4277-b031-2e62b4e107e7"
        ],
        "Cache-Control": [
          "no-store, no-cache"
        ],
        "Date": [
          "Fri, 26 May 2017 11:11:20 GMT"
        ],
        "Server": [
          "Microsoft-HTTPAPI/2.0"
        ]
      },
      "StatusCode": 200
    },
    {
      "RequestUri": "/subscriptions/b3ee3a7f-7614-4644-ad07-afa832620b4b/resourceGroups/onesdk5177/providers/Microsoft.Sql/servers/onesdk9102?api-version=2014-04-01",
      "EncodedRequestUri": "L3N1YnNjcmlwdGlvbnMvYjNlZTNhN2YtNzYxNC00NjQ0LWFkMDctYWZhODMyNjIwYjRiL3Jlc291cmNlR3JvdXBzL29uZXNkazUxNzcvcHJvdmlkZXJzL01pY3Jvc29mdC5TcWwvc2VydmVycy9vbmVzZGs5MTAyP2FwaS12ZXJzaW9uPTIwMTQtMDQtMDE=",
      "RequestMethod": "GET",
      "RequestBody": "",
      "RequestHeaders": {
        "x-ms-client-request-id": [
          "0bb7c713-43ad-42f6-8ca1-da23a1965db1"
        ],
        "accept-language": [
          "en-US"
        ],
        "User-Agent": [
          "FxVersion/4.7.2046.0",
          "OSName/Windows10Enterprise",
          "OSVersion/6.3.15063",
          "Microsoft.Azure.Management.Sql.SqlManagementClient/1.3.0.0"
        ]
      },
      "ResponseBody": "{\r\n  \"id\": \"/subscriptions/b3ee3a7f-7614-4644-ad07-afa832620b4b/resourceGroups/onesdk5177/providers/Microsoft.Sql/servers/onesdk9102\",\r\n  \"name\": \"onesdk9102\",\r\n  \"type\": \"Microsoft.Sql/servers\",\r\n  \"location\": \"West US 2\",\r\n  \"kind\": \"v12.0\",\r\n  \"properties\": {\r\n    \"fullyQualifiedDomainName\": \"onesdk9102.sqltest-eg1.mscds.com\",\r\n    \"administratorLogin\": \"testusername\",\r\n    \"administratorLoginPassword\": null,\r\n    \"externalAdministratorLogin\": null,\r\n    \"externalAdministratorSid\": null,\r\n    \"version\": \"12.0\",\r\n    \"state\": \"Ready\"\r\n  }\r\n}",
      "ResponseHeaders": {
        "Content-Length": [
          "464"
        ],
        "Content-Type": [
          "application/json; odata=minimalmetadata; streaming=true; charset=utf-8"
        ],
        "x-ms-request-id": [
          "f0c09610-03b0-44f7-944a-14ebc4a86bf2"
        ],
        "X-Content-Type-Options": [
          "nosniff"
        ],
        "DataServiceVersion": [
          "3.0;"
        ],
        "Strict-Transport-Security": [
          "max-age=31536000; includeSubDomains"
        ],
        "x-ms-ratelimit-remaining-subscription-reads": [
          "14955"
        ],
        "x-ms-correlation-request-id": [
          "4d0f5c1d-f45b-46b9-a17d-695eea0348fb"
        ],
        "x-ms-routing-request-id": [
          "WESTEUROPE:20170526T111211Z:4d0f5c1d-f45b-46b9-a17d-695eea0348fb"
        ],
        "Cache-Control": [
          "no-store, no-cache"
        ],
        "Date": [
          "Fri, 26 May 2017 11:12:11 GMT"
        ],
        "Server": [
          "Microsoft-HTTPAPI/2.0"
        ]
      },
      "StatusCode": 200
    },
    {
      "RequestUri": "/subscriptions/b3ee3a7f-7614-4644-ad07-afa832620b4b/resourceGroups/onesdk5177/providers/Microsoft.Sql/servers/onesdk9102?api-version=2014-04-01",
      "EncodedRequestUri": "L3N1YnNjcmlwdGlvbnMvYjNlZTNhN2YtNzYxNC00NjQ0LWFkMDctYWZhODMyNjIwYjRiL3Jlc291cmNlR3JvdXBzL29uZXNkazUxNzcvcHJvdmlkZXJzL01pY3Jvc29mdC5TcWwvc2VydmVycy9vbmVzZGs5MTAyP2FwaS12ZXJzaW9uPTIwMTQtMDQtMDE=",
      "RequestMethod": "GET",
      "RequestBody": "",
      "RequestHeaders": {
        "x-ms-client-request-id": [
          "fe3a3b2d-a3bf-421b-8a6e-67f36c59451c"
        ],
        "accept-language": [
          "en-US"
        ],
        "User-Agent": [
          "FxVersion/4.7.2046.0",
          "OSName/Windows10Enterprise",
          "OSVersion/6.3.15063",
          "Microsoft.Azure.Management.Sql.SqlManagementClient/1.3.0.0"
        ]
      },
      "ResponseBody": "{\r\n  \"id\": \"/subscriptions/b3ee3a7f-7614-4644-ad07-afa832620b4b/resourceGroups/onesdk5177/providers/Microsoft.Sql/servers/onesdk9102\",\r\n  \"name\": \"onesdk9102\",\r\n  \"type\": \"Microsoft.Sql/servers\",\r\n  \"location\": \"West US 2\",\r\n  \"kind\": \"v12.0\",\r\n  \"properties\": {\r\n    \"fullyQualifiedDomainName\": \"onesdk9102.sqltest-eg1.mscds.com\",\r\n    \"administratorLogin\": \"testusername\",\r\n    \"administratorLoginPassword\": null,\r\n    \"externalAdministratorLogin\": null,\r\n    \"externalAdministratorSid\": null,\r\n    \"version\": \"12.0\",\r\n    \"state\": \"Ready\"\r\n  }\r\n}",
      "ResponseHeaders": {
        "Content-Length": [
          "464"
        ],
        "Content-Type": [
          "application/json; odata=minimalmetadata; streaming=true; charset=utf-8"
        ],
        "x-ms-request-id": [
          "840847e3-7c8e-4eed-bb39-33a88b4c1cda"
        ],
        "X-Content-Type-Options": [
          "nosniff"
        ],
        "DataServiceVersion": [
          "3.0;"
        ],
        "Strict-Transport-Security": [
          "max-age=31536000; includeSubDomains"
        ],
        "x-ms-ratelimit-remaining-subscription-reads": [
          "14954"
        ],
        "x-ms-correlation-request-id": [
          "567511b0-8b1c-4f9d-b63b-b734e0ffcd16"
        ],
        "x-ms-routing-request-id": [
          "WESTEUROPE:20170526T111338Z:567511b0-8b1c-4f9d-b63b-b734e0ffcd16"
        ],
        "Cache-Control": [
          "no-store, no-cache"
        ],
        "Date": [
          "Fri, 26 May 2017 11:13:38 GMT"
        ],
        "Server": [
          "Microsoft-HTTPAPI/2.0"
        ]
      },
      "StatusCode": 200
    },
    {
      "RequestUri": "/subscriptions/b3ee3a7f-7614-4644-ad07-afa832620b4b/resourceGroups/onesdk5177/providers/Microsoft.Sql/servers/onesdk9102?api-version=2014-04-01",
      "EncodedRequestUri": "L3N1YnNjcmlwdGlvbnMvYjNlZTNhN2YtNzYxNC00NjQ0LWFkMDctYWZhODMyNjIwYjRiL3Jlc291cmNlR3JvdXBzL29uZXNkazUxNzcvcHJvdmlkZXJzL01pY3Jvc29mdC5TcWwvc2VydmVycy9vbmVzZGs5MTAyP2FwaS12ZXJzaW9uPTIwMTQtMDQtMDE=",
      "RequestMethod": "PUT",
      "RequestBody": "{\r\n  \"properties\": {\r\n    \"version\": \"12.0\",\r\n    \"administratorLogin\": \"testusername\",\r\n    \"administratorLoginPassword\": \"t357ingP@s5w0rd!\"\r\n  },\r\n  \"location\": \"West US 2\"\r\n}",
      "RequestHeaders": {
        "Content-Type": [
          "application/json; charset=utf-8"
        ],
        "Content-Length": [
          "177"
        ],
        "x-ms-client-request-id": [
          "75cf1145-52a2-497f-b369-f90240f0e725"
        ],
        "accept-language": [
          "en-US"
        ],
        "User-Agent": [
          "FxVersion/4.7.2046.0",
          "OSName/Windows10Enterprise",
          "OSVersion/6.3.15063",
          "Microsoft.Azure.Management.Sql.SqlManagementClient/1.3.0.0"
        ]
      },
      "ResponseBody": "{\r\n  \"id\": \"/subscriptions/b3ee3a7f-7614-4644-ad07-afa832620b4b/resourceGroups/onesdk5177/providers/Microsoft.Sql/servers/onesdk9102\",\r\n  \"name\": \"onesdk9102\",\r\n  \"type\": \"Microsoft.Sql/servers\",\r\n  \"location\": \"West US 2\",\r\n  \"kind\": \"v12.0\",\r\n  \"properties\": {\r\n    \"fullyQualifiedDomainName\": \"onesdk9102.sqltest-eg1.mscds.com\",\r\n    \"administratorLogin\": \"testusername\",\r\n    \"administratorLoginPassword\": \"t357ingP@s5w0rd!\",\r\n    \"externalAdministratorLogin\": null,\r\n    \"externalAdministratorSid\": null,\r\n    \"version\": \"12.0\",\r\n    \"state\": \"Ready\"\r\n  }\r\n}",
      "ResponseHeaders": {
        "Content-Length": [
          "478"
        ],
        "Content-Type": [
          "application/json; odata=minimalmetadata; streaming=true; charset=utf-8"
        ],
        "x-ms-request-id": [
          "1713b02f-569d-4a10-aa42-7e63509c0b14"
        ],
        "X-Content-Type-Options": [
          "nosniff"
        ],
        "Preference-Applied": [
          "return-content"
        ],
        "DataServiceVersion": [
          "3.0;"
        ],
        "Strict-Transport-Security": [
          "max-age=31536000; includeSubDomains"
        ],
        "x-ms-ratelimit-remaining-subscription-writes": [
          "1187"
        ],
        "x-ms-correlation-request-id": [
          "ab46f889-688b-4c7c-aaca-93508ad8ba90"
        ],
        "x-ms-routing-request-id": [
          "WESTEUROPE:20170526T111119Z:ab46f889-688b-4c7c-aaca-93508ad8ba90"
        ],
        "Cache-Control": [
          "no-store, no-cache"
        ],
        "Date": [
          "Fri, 26 May 2017 11:11:18 GMT"
        ],
        "Server": [
          "Microsoft-HTTPAPI/2.0"
        ]
      },
      "StatusCode": 201
    },
    {
      "RequestUri": "/subscriptions/b3ee3a7f-7614-4644-ad07-afa832620b4b/resourceGroups/onesdk5177/providers/Microsoft.Sql/servers/onesdk9102/databases/onesdk4302?api-version=2014-04-01",
      "EncodedRequestUri": "L3N1YnNjcmlwdGlvbnMvYjNlZTNhN2YtNzYxNC00NjQ0LWFkMDctYWZhODMyNjIwYjRiL3Jlc291cmNlR3JvdXBzL29uZXNkazUxNzcvcHJvdmlkZXJzL01pY3Jvc29mdC5TcWwvc2VydmVycy9vbmVzZGs5MTAyL2RhdGFiYXNlcy9vbmVzZGs0MzAyP2FwaS12ZXJzaW9uPTIwMTQtMDQtMDE=",
      "RequestMethod": "GET",
      "RequestBody": "",
      "RequestHeaders": {
        "User-Agent": [
          "Microsoft.Azure.Management.Sql.LegacySdk.SqlManagementClient/3.0.0.0"
        ],
        "x-ms-client-request-id": [
          "6bcc9081-4ce0-4932-9d40-1b048cfcd61a"
        ]
      },
      "ResponseBody": "{\r\n  \"error\": {\r\n    \"code\": \"ResourceNotFound\",\r\n    \"message\": \"The Resource 'Microsoft.Sql/servers/onesdk9102/databases/onesdk4302' under resource group 'onesdk5177' was not found.\"\r\n  }\r\n}",
      "ResponseHeaders": {
        "Content-Length": [
          "167"
        ],
        "Content-Type": [
          "application/json; charset=utf-8"
        ],
        "Expires": [
          "-1"
        ],
        "Pragma": [
          "no-cache"
        ],
        "x-ms-failure-cause": [
          "gateway"
        ],
        "x-ms-request-id": [
          "174b6125-4678-4f64-9562-955012b0fe15"
        ],
        "x-ms-correlation-request-id": [
          "174b6125-4678-4f64-9562-955012b0fe15"
        ],
        "x-ms-routing-request-id": [
          "WESTEUROPE:20170526T111120Z:174b6125-4678-4f64-9562-955012b0fe15"
        ],
        "Strict-Transport-Security": [
          "max-age=31536000; includeSubDomains"
        ],
        "Cache-Control": [
          "no-cache"
        ],
        "Date": [
          "Fri, 26 May 2017 11:11:20 GMT"
        ]
      },
      "StatusCode": 404
    },
    {
      "RequestUri": "/subscriptions/b3ee3a7f-7614-4644-ad07-afa832620b4b/resourceGroups/onesdk5177/providers/Microsoft.Sql/servers/onesdk9102/databases/onesdk4302?api-version=2014-04-01",
      "EncodedRequestUri": "L3N1YnNjcmlwdGlvbnMvYjNlZTNhN2YtNzYxNC00NjQ0LWFkMDctYWZhODMyNjIwYjRiL3Jlc291cmNlR3JvdXBzL29uZXNkazUxNzcvcHJvdmlkZXJzL01pY3Jvc29mdC5TcWwvc2VydmVycy9vbmVzZGs5MTAyL2RhdGFiYXNlcy9vbmVzZGs0MzAyP2FwaS12ZXJzaW9uPTIwMTQtMDQtMDE=",
      "RequestMethod": "PUT",
      "RequestBody": "{\r\n  \"properties\": {\r\n    \"maxSizeBytes\": \"0\",\r\n    \"readScale\": \"Disabled\"\r\n  },\r\n  \"location\": \"West US 2\"\r\n}",
      "RequestHeaders": {
        "Content-Type": [
          "application/json; charset=utf-8"
        ],
        "Content-Length": [
          "111"
        ],
        "User-Agent": [
          "Microsoft.Azure.Management.Sql.LegacySdk.SqlManagementClient/3.0.0.0"
        ],
        "x-ms-client-request-id": [
          "dafb780b-b185-4441-b9bd-374013950469"
        ]
      },
      "ResponseBody": "{\r\n  \"operation\": \"CreateLogicalDatabase\",\r\n  \"startTime\": \"2017-05-26T19:11:24.576+08:00\"\r\n}",
      "ResponseHeaders": {
        "Content-Length": [
          "80"
        ],
        "Content-Type": [
          "application/json; odata=minimalmetadata; streaming=true; charset=utf-8"
        ],
        "Retry-After": [
          "30"
        ],
        "x-ms-request-id": [
          "3e95acf2-72c4-43ee-91e7-86b842ffad87"
        ],
        "X-Content-Type-Options": [
          "nosniff"
        ],
        "Preference-Applied": [
          "return-content"
        ],
        "DataServiceVersion": [
          "3.0;"
        ],
        "Strict-Transport-Security": [
          "max-age=31536000; includeSubDomains"
        ],
        "Azure-AsyncOperation": [
          "https://api-dogfood.resources.windows-int.net/subscriptions/b3ee3a7f-7614-4644-ad07-afa832620b4b/resourceGroups/onesdk5177/providers/Microsoft.Sql/servers/onesdk9102/databases/onesdk4302/azureAsyncOperation/3e95acf2-72c4-43ee-91e7-86b842ffad87?api-version=2014-04-01-Preview"
        ],
        "x-ms-ratelimit-remaining-subscription-writes": [
          "1186"
        ],
        "x-ms-correlation-request-id": [
          "bdd6b0b8-6ce6-43a4-ac0f-5ced7a6a39d7"
        ],
        "x-ms-routing-request-id": [
          "WESTEUROPE:20170526T111123Z:bdd6b0b8-6ce6-43a4-ac0f-5ced7a6a39d7"
        ],
        "Cache-Control": [
          "no-store, no-cache"
        ],
        "Date": [
          "Fri, 26 May 2017 11:11:22 GMT"
        ],
        "Location": [
          "https://api-dogfood.resources.windows-int.net/subscriptions/b3ee3a7f-7614-4644-ad07-afa832620b4b/resourceGroups/onesdk5177/providers/Microsoft.Sql/servers/onesdk9102/databases/onesdk4302/operationResults/3e95acf2-72c4-43ee-91e7-86b842ffad87?api-version=2014-04-01-Preview"
        ],
        "Server": [
          "Microsoft-HTTPAPI/2.0"
        ]
      },
      "StatusCode": 202
    },
    {
      "RequestUri": "/subscriptions/b3ee3a7f-7614-4644-ad07-afa832620b4b/resourceGroups/onesdk5177/providers/Microsoft.Sql/servers/onesdk9102/databases/onesdk4302/operationResults/3e95acf2-72c4-43ee-91e7-86b842ffad87?api-version=2014-04-01-Preview",
      "EncodedRequestUri": "L3N1YnNjcmlwdGlvbnMvYjNlZTNhN2YtNzYxNC00NjQ0LWFkMDctYWZhODMyNjIwYjRiL3Jlc291cmNlR3JvdXBzL29uZXNkazUxNzcvcHJvdmlkZXJzL01pY3Jvc29mdC5TcWwvc2VydmVycy9vbmVzZGs5MTAyL2RhdGFiYXNlcy9vbmVzZGs0MzAyL29wZXJhdGlvblJlc3VsdHMvM2U5NWFjZjItNzJjNC00M2VlLTkxZTctODZiODQyZmZhZDg3P2FwaS12ZXJzaW9uPTIwMTQtMDQtMDEtUHJldmlldw==",
      "RequestMethod": "GET",
      "RequestBody": "",
      "RequestHeaders": {
        "User-Agent": [
          "Microsoft.Azure.Management.Sql.LegacySdk.SqlManagementClient/3.0.0.0"
        ],
        "x-ms-client-request-id": [
          "dafb780b-b185-4441-b9bd-374013950469"
        ]
      },
      "ResponseBody": "{\r\n  \"operation\": \"CreateLogicalDatabase\",\r\n  \"startTime\": \"2017-05-26T11:11:24.56Z\"\r\n}",
      "ResponseHeaders": {
        "Content-Length": [
          "75"
        ],
        "Content-Type": [
          "application/json"
        ],
        "Retry-After": [
          "30"
        ],
        "x-ms-request-id": [
          "091e8985-9466-490d-bb3d-10b09b785a56"
        ],
        "X-Content-Type-Options": [
          "nosniff"
        ],
        "DataServiceVersion": [
          "3.0;"
        ],
        "Strict-Transport-Security": [
          "max-age=31536000; includeSubDomains"
        ],
        "Azure-AsyncOperation": [
          "https://api-dogfood.resources.windows-int.net/subscriptions/b3ee3a7f-7614-4644-ad07-afa832620b4b/resourceGroups/onesdk5177/providers/Microsoft.Sql/servers/onesdk9102/databases/onesdk4302/azureAsyncOperation/3e95acf2-72c4-43ee-91e7-86b842ffad87?api-version=2014-04-01-Preview"
        ],
        "x-ms-ratelimit-remaining-subscription-reads": [
          "14950"
        ],
        "x-ms-correlation-request-id": [
          "e2740d8e-0914-4095-bcaa-3bfd3df65920"
        ],
        "x-ms-routing-request-id": [
          "WESTEUROPE:20170526T111124Z:e2740d8e-0914-4095-bcaa-3bfd3df65920"
        ],
        "Cache-Control": [
          "no-store, no-cache"
        ],
        "Date": [
          "Fri, 26 May 2017 11:11:24 GMT"
        ],
        "Location": [
          "https://api-dogfood.resources.windows-int.net/subscriptions/b3ee3a7f-7614-4644-ad07-afa832620b4b/resourceGroups/onesdk5177/providers/Microsoft.Sql/servers/onesdk9102/databases/onesdk4302/operationResults/3e95acf2-72c4-43ee-91e7-86b842ffad87?api-version=2014-04-01-Preview"
        ],
        "Server": [
          "Microsoft-HTTPAPI/2.0"
        ]
      },
      "StatusCode": 202
    },
    {
      "RequestUri": "/subscriptions/b3ee3a7f-7614-4644-ad07-afa832620b4b/resourceGroups/onesdk5177/providers/Microsoft.Sql/servers/onesdk9102/databases/onesdk4302/operationResults/3e95acf2-72c4-43ee-91e7-86b842ffad87?api-version=2014-04-01-Preview",
      "EncodedRequestUri": "L3N1YnNjcmlwdGlvbnMvYjNlZTNhN2YtNzYxNC00NjQ0LWFkMDctYWZhODMyNjIwYjRiL3Jlc291cmNlR3JvdXBzL29uZXNkazUxNzcvcHJvdmlkZXJzL01pY3Jvc29mdC5TcWwvc2VydmVycy9vbmVzZGs5MTAyL2RhdGFiYXNlcy9vbmVzZGs0MzAyL29wZXJhdGlvblJlc3VsdHMvM2U5NWFjZjItNzJjNC00M2VlLTkxZTctODZiODQyZmZhZDg3P2FwaS12ZXJzaW9uPTIwMTQtMDQtMDEtUHJldmlldw==",
      "RequestMethod": "GET",
      "RequestBody": "",
      "RequestHeaders": {
        "User-Agent": [
          "Microsoft.Azure.Management.Sql.LegacySdk.SqlManagementClient/3.0.0.0"
        ],
        "x-ms-client-request-id": [
          "dafb780b-b185-4441-b9bd-374013950469"
        ]
      },
      "ResponseBody": "{\r\n  \"operation\": \"CreateLogicalDatabase\",\r\n  \"startTime\": \"2017-05-26T11:11:24.56Z\"\r\n}",
      "ResponseHeaders": {
        "Content-Length": [
          "75"
        ],
        "Content-Type": [
          "application/json"
        ],
        "Retry-After": [
          "30"
        ],
        "x-ms-request-id": [
          "0e47e420-dc90-42bd-966c-d79a8f3c49ee"
        ],
        "X-Content-Type-Options": [
          "nosniff"
        ],
        "DataServiceVersion": [
          "3.0;"
        ],
        "Strict-Transport-Security": [
          "max-age=31536000; includeSubDomains"
        ],
        "Azure-AsyncOperation": [
          "https://api-dogfood.resources.windows-int.net/subscriptions/b3ee3a7f-7614-4644-ad07-afa832620b4b/resourceGroups/onesdk5177/providers/Microsoft.Sql/servers/onesdk9102/databases/onesdk4302/azureAsyncOperation/3e95acf2-72c4-43ee-91e7-86b842ffad87?api-version=2014-04-01-Preview"
        ],
        "x-ms-ratelimit-remaining-subscription-reads": [
          "14949"
        ],
        "x-ms-correlation-request-id": [
          "d4bc47b9-1988-4f29-95bf-cbf5818051f6"
        ],
        "x-ms-routing-request-id": [
          "WESTEUROPE:20170526T111154Z:d4bc47b9-1988-4f29-95bf-cbf5818051f6"
        ],
        "Cache-Control": [
          "no-store, no-cache"
        ],
        "Date": [
          "Fri, 26 May 2017 11:11:54 GMT"
        ],
        "Location": [
          "https://api-dogfood.resources.windows-int.net/subscriptions/b3ee3a7f-7614-4644-ad07-afa832620b4b/resourceGroups/onesdk5177/providers/Microsoft.Sql/servers/onesdk9102/databases/onesdk4302/operationResults/3e95acf2-72c4-43ee-91e7-86b842ffad87?api-version=2014-04-01-Preview"
        ],
        "Server": [
          "Microsoft-HTTPAPI/2.0"
        ]
      },
      "StatusCode": 202
    },
    {
      "RequestUri": "/subscriptions/b3ee3a7f-7614-4644-ad07-afa832620b4b/resourceGroups/onesdk5177/providers/Microsoft.Sql/servers/onesdk9102/databases/onesdk4302/operationResults/3e95acf2-72c4-43ee-91e7-86b842ffad87?api-version=2014-04-01-Preview",
      "EncodedRequestUri": "L3N1YnNjcmlwdGlvbnMvYjNlZTNhN2YtNzYxNC00NjQ0LWFkMDctYWZhODMyNjIwYjRiL3Jlc291cmNlR3JvdXBzL29uZXNkazUxNzcvcHJvdmlkZXJzL01pY3Jvc29mdC5TcWwvc2VydmVycy9vbmVzZGs5MTAyL2RhdGFiYXNlcy9vbmVzZGs0MzAyL29wZXJhdGlvblJlc3VsdHMvM2U5NWFjZjItNzJjNC00M2VlLTkxZTctODZiODQyZmZhZDg3P2FwaS12ZXJzaW9uPTIwMTQtMDQtMDEtUHJldmlldw==",
      "RequestMethod": "GET",
      "RequestBody": "",
      "RequestHeaders": {
        "User-Agent": [
          "Microsoft.Azure.Management.Sql.LegacySdk.SqlManagementClient/3.0.0.0"
        ],
        "x-ms-client-request-id": [
          "dafb780b-b185-4441-b9bd-374013950469"
        ]
      },
      "ResponseBody": "{\r\n  \"id\": \"/subscriptions/b3ee3a7f-7614-4644-ad07-afa832620b4b/resourceGroups/onesdk5177/providers/Microsoft.Sql/servers/onesdk9102/databases/onesdk4302\",\r\n  \"name\": \"onesdk4302\",\r\n  \"type\": \"Microsoft.Sql/servers/databases\",\r\n  \"location\": \"West US 2\",\r\n  \"kind\": \"v12.0,user\",\r\n  \"properties\": {\r\n    \"databaseId\": \"a09420e7-7184-495b-8567-a49fd5434a57\",\r\n    \"edition\": \"Standard\",\r\n    \"status\": \"Online\",\r\n    \"serviceLevelObjective\": \"S0\",\r\n    \"collation\": \"SQL_Latin1_General_CP1_CI_AS\",\r\n    \"maxSizeBytes\": \"268435456000\",\r\n    \"creationDate\": \"2017-05-26T11:11:24.907Z\",\r\n    \"currentServiceObjectiveId\": \"f1173c43-91bd-4aaa-973c-54e79e15235b\",\r\n    \"requestedServiceObjectiveId\": \"f1173c43-91bd-4aaa-973c-54e79e15235b\",\r\n    \"requestedServiceObjectiveName\": \"S0\",\r\n    \"sampleName\": null,\r\n    \"defaultSecondaryLocation\": \"East US 2\",\r\n    \"earliestRestoreDate\": \"2017-05-26T11:21:57.483Z\",\r\n    \"elasticPoolName\": null,\r\n    \"containmentState\": 2,\r\n    \"readScale\": \"Disabled\",\r\n    \"failoverGroupId\": null\r\n  }\r\n}",
      "ResponseHeaders": {
        "Content-Length": [
          "873"
        ],
        "Content-Type": [
          "application/json; odata=minimalmetadata; streaming=true; charset=utf-8"
        ],
        "x-ms-request-id": [
          "1d9a09b6-46f4-4758-8d43-20f516a0d6eb"
        ],
        "X-Content-Type-Options": [
          "nosniff"
        ],
        "DataServiceVersion": [
          "3.0;"
        ],
        "Strict-Transport-Security": [
          "max-age=31536000; includeSubDomains"
        ],
        "x-ms-ratelimit-remaining-subscription-reads": [
          "14948"
        ],
        "x-ms-correlation-request-id": [
          "fac51e0c-0cc0-4b60-be8e-cb2a72bd104e"
        ],
        "x-ms-routing-request-id": [
          "WESTEUROPE:20170526T111210Z:fac51e0c-0cc0-4b60-be8e-cb2a72bd104e"
        ],
        "Cache-Control": [
          "no-store, no-cache"
        ],
        "Date": [
          "Fri, 26 May 2017 11:12:09 GMT"
        ],
        "Server": [
          "Microsoft-HTTPAPI/2.0"
        ]
      },
      "StatusCode": 201
    },
    {
      "RequestUri": "/subscriptions/b3ee3a7f-7614-4644-ad07-afa832620b4b/resourceGroups/onesdk5177/providers/Microsoft.Sql/servers/onesdk9102/databases/onesdk334?api-version=2014-04-01",
      "EncodedRequestUri": "L3N1YnNjcmlwdGlvbnMvYjNlZTNhN2YtNzYxNC00NjQ0LWFkMDctYWZhODMyNjIwYjRiL3Jlc291cmNlR3JvdXBzL29uZXNkazUxNzcvcHJvdmlkZXJzL01pY3Jvc29mdC5TcWwvc2VydmVycy9vbmVzZGs5MTAyL2RhdGFiYXNlcy9vbmVzZGszMzQ/YXBpLXZlcnNpb249MjAxNC0wNC0wMQ==",
      "RequestMethod": "GET",
      "RequestBody": "",
      "RequestHeaders": {
        "User-Agent": [
          "Microsoft.Azure.Management.Sql.LegacySdk.SqlManagementClient/3.0.0.0"
        ],
        "x-ms-client-request-id": [
          "76fa50d4-167a-4760-a0fc-a0efca545c82"
        ]
      },
      "ResponseBody": "{\r\n  \"error\": {\r\n    \"code\": \"ResourceNotFound\",\r\n    \"message\": \"The Resource 'Microsoft.Sql/servers/onesdk9102/databases/onesdk334' under resource group 'onesdk5177' was not found.\"\r\n  }\r\n}",
      "ResponseHeaders": {
        "Content-Length": [
          "166"
        ],
        "Content-Type": [
          "application/json; charset=utf-8"
        ],
        "Expires": [
          "-1"
        ],
        "Pragma": [
          "no-cache"
        ],
        "x-ms-failure-cause": [
          "gateway"
        ],
        "x-ms-request-id": [
          "02de2e85-4702-4e93-b022-258b5881017b"
        ],
        "x-ms-correlation-request-id": [
          "02de2e85-4702-4e93-b022-258b5881017b"
        ],
        "x-ms-routing-request-id": [
          "WESTEUROPE:20170526T111210Z:02de2e85-4702-4e93-b022-258b5881017b"
        ],
        "Strict-Transport-Security": [
          "max-age=31536000; includeSubDomains"
        ],
        "Cache-Control": [
          "no-cache"
        ],
        "Date": [
          "Fri, 26 May 2017 11:12:10 GMT"
        ]
      },
      "StatusCode": 404
    },
    {
      "RequestUri": "/subscriptions/b3ee3a7f-7614-4644-ad07-afa832620b4b/resourceGroups/onesdk5177/providers/Microsoft.Sql/servers/onesdk9102/databases/onesdk334?api-version=2014-04-01",
      "EncodedRequestUri": "L3N1YnNjcmlwdGlvbnMvYjNlZTNhN2YtNzYxNC00NjQ0LWFkMDctYWZhODMyNjIwYjRiL3Jlc291cmNlR3JvdXBzL29uZXNkazUxNzcvcHJvdmlkZXJzL01pY3Jvc29mdC5TcWwvc2VydmVycy9vbmVzZGs5MTAyL2RhdGFiYXNlcy9vbmVzZGszMzQ/YXBpLXZlcnNpb249MjAxNC0wNC0wMQ==",
      "RequestMethod": "PUT",
      "RequestBody": "{\r\n  \"properties\": {\r\n    \"maxSizeBytes\": \"0\",\r\n    \"readScale\": \"Disabled\"\r\n  },\r\n  \"location\": \"West US 2\"\r\n}",
      "RequestHeaders": {
        "Content-Type": [
          "application/json; charset=utf-8"
        ],
        "Content-Length": [
          "111"
        ],
        "User-Agent": [
          "Microsoft.Azure.Management.Sql.LegacySdk.SqlManagementClient/3.0.0.0"
        ],
        "x-ms-client-request-id": [
          "4adf81a7-8c7e-4ec1-bd86-bc7c979d297e"
        ]
      },
      "ResponseBody": "{\r\n  \"operation\": \"CreateLogicalDatabase\",\r\n  \"startTime\": \"2017-05-26T19:12:13.571+08:00\"\r\n}",
      "ResponseHeaders": {
        "Content-Length": [
          "80"
        ],
        "Content-Type": [
          "application/json; odata=minimalmetadata; streaming=true; charset=utf-8"
        ],
        "Retry-After": [
          "30"
        ],
        "x-ms-request-id": [
          "a7912ba5-a0eb-4aca-888b-d50c036cd328"
        ],
        "X-Content-Type-Options": [
          "nosniff"
        ],
        "Preference-Applied": [
          "return-content"
        ],
        "DataServiceVersion": [
          "3.0;"
        ],
        "Strict-Transport-Security": [
          "max-age=31536000; includeSubDomains"
        ],
        "Azure-AsyncOperation": [
          "https://api-dogfood.resources.windows-int.net/subscriptions/b3ee3a7f-7614-4644-ad07-afa832620b4b/resourceGroups/onesdk5177/providers/Microsoft.Sql/servers/onesdk9102/databases/onesdk334/azureAsyncOperation/a7912ba5-a0eb-4aca-888b-d50c036cd328?api-version=2014-04-01-Preview"
        ],
        "x-ms-ratelimit-remaining-subscription-writes": [
          "1185"
        ],
        "x-ms-correlation-request-id": [
          "ecf3744f-3981-44e2-9842-9cb38a8993c0"
        ],
        "x-ms-routing-request-id": [
          "WESTEUROPE:20170526T111212Z:ecf3744f-3981-44e2-9842-9cb38a8993c0"
        ],
        "Cache-Control": [
          "no-store, no-cache"
        ],
        "Date": [
          "Fri, 26 May 2017 11:12:12 GMT"
        ],
        "Location": [
          "https://api-dogfood.resources.windows-int.net/subscriptions/b3ee3a7f-7614-4644-ad07-afa832620b4b/resourceGroups/onesdk5177/providers/Microsoft.Sql/servers/onesdk9102/databases/onesdk334/operationResults/a7912ba5-a0eb-4aca-888b-d50c036cd328?api-version=2014-04-01-Preview"
        ],
        "Server": [
          "Microsoft-HTTPAPI/2.0"
        ]
      },
      "StatusCode": 202
    },
    {
      "RequestUri": "/subscriptions/b3ee3a7f-7614-4644-ad07-afa832620b4b/resourceGroups/onesdk5177/providers/Microsoft.Sql/servers/onesdk9102/databases/onesdk334/operationResults/a7912ba5-a0eb-4aca-888b-d50c036cd328?api-version=2014-04-01-Preview",
      "EncodedRequestUri": "L3N1YnNjcmlwdGlvbnMvYjNlZTNhN2YtNzYxNC00NjQ0LWFkMDctYWZhODMyNjIwYjRiL3Jlc291cmNlR3JvdXBzL29uZXNkazUxNzcvcHJvdmlkZXJzL01pY3Jvc29mdC5TcWwvc2VydmVycy9vbmVzZGs5MTAyL2RhdGFiYXNlcy9vbmVzZGszMzQvb3BlcmF0aW9uUmVzdWx0cy9hNzkxMmJhNS1hMGViLTRhY2EtODg4Yi1kNTBjMDM2Y2QzMjg/YXBpLXZlcnNpb249MjAxNC0wNC0wMS1QcmV2aWV3",
      "RequestMethod": "GET",
      "RequestBody": "",
      "RequestHeaders": {
        "User-Agent": [
          "Microsoft.Azure.Management.Sql.LegacySdk.SqlManagementClient/3.0.0.0"
        ],
        "x-ms-client-request-id": [
          "4adf81a7-8c7e-4ec1-bd86-bc7c979d297e"
        ]
      },
      "ResponseBody": "{\r\n  \"operation\": \"CreateLogicalDatabase\",\r\n  \"startTime\": \"2017-05-26T11:12:13.557Z\"\r\n}",
      "ResponseHeaders": {
        "Content-Length": [
          "75"
        ],
        "Content-Type": [
          "application/json"
        ],
        "Retry-After": [
          "30"
        ],
        "x-ms-request-id": [
          "1cd4b6c4-4a87-4eb4-847d-8b9a2bd434f0"
        ],
        "X-Content-Type-Options": [
          "nosniff"
        ],
        "DataServiceVersion": [
          "3.0;"
        ],
        "Strict-Transport-Security": [
          "max-age=31536000; includeSubDomains"
        ],
        "Azure-AsyncOperation": [
          "https://api-dogfood.resources.windows-int.net/subscriptions/b3ee3a7f-7614-4644-ad07-afa832620b4b/resourceGroups/onesdk5177/providers/Microsoft.Sql/servers/onesdk9102/databases/onesdk334/azureAsyncOperation/a7912ba5-a0eb-4aca-888b-d50c036cd328?api-version=2014-04-01-Preview"
        ],
        "x-ms-ratelimit-remaining-subscription-reads": [
          "14946"
        ],
        "x-ms-correlation-request-id": [
          "a30736b7-85d6-4052-a166-9e095d993cdf"
        ],
        "x-ms-routing-request-id": [
          "WESTEUROPE:20170526T111214Z:a30736b7-85d6-4052-a166-9e095d993cdf"
        ],
        "Cache-Control": [
          "no-store, no-cache"
        ],
        "Date": [
          "Fri, 26 May 2017 11:12:13 GMT"
        ],
        "Location": [
          "https://api-dogfood.resources.windows-int.net/subscriptions/b3ee3a7f-7614-4644-ad07-afa832620b4b/resourceGroups/onesdk5177/providers/Microsoft.Sql/servers/onesdk9102/databases/onesdk334/operationResults/a7912ba5-a0eb-4aca-888b-d50c036cd328?api-version=2014-04-01-Preview"
        ],
        "Server": [
          "Microsoft-HTTPAPI/2.0"
        ]
      },
      "StatusCode": 202
    },
    {
      "RequestUri": "/subscriptions/b3ee3a7f-7614-4644-ad07-afa832620b4b/resourceGroups/onesdk5177/providers/Microsoft.Sql/servers/onesdk9102/databases/onesdk334/operationResults/a7912ba5-a0eb-4aca-888b-d50c036cd328?api-version=2014-04-01-Preview",
      "EncodedRequestUri": "L3N1YnNjcmlwdGlvbnMvYjNlZTNhN2YtNzYxNC00NjQ0LWFkMDctYWZhODMyNjIwYjRiL3Jlc291cmNlR3JvdXBzL29uZXNkazUxNzcvcHJvdmlkZXJzL01pY3Jvc29mdC5TcWwvc2VydmVycy9vbmVzZGs5MTAyL2RhdGFiYXNlcy9vbmVzZGszMzQvb3BlcmF0aW9uUmVzdWx0cy9hNzkxMmJhNS1hMGViLTRhY2EtODg4Yi1kNTBjMDM2Y2QzMjg/YXBpLXZlcnNpb249MjAxNC0wNC0wMS1QcmV2aWV3",
      "RequestMethod": "GET",
      "RequestBody": "",
      "RequestHeaders": {
        "User-Agent": [
          "Microsoft.Azure.Management.Sql.LegacySdk.SqlManagementClient/3.0.0.0"
        ],
        "x-ms-client-request-id": [
          "4adf81a7-8c7e-4ec1-bd86-bc7c979d297e"
        ]
      },
      "ResponseBody": "{\r\n  \"operation\": \"CreateLogicalDatabase\",\r\n  \"startTime\": \"2017-05-26T11:12:13.557Z\"\r\n}",
      "ResponseHeaders": {
        "Content-Length": [
          "75"
        ],
        "Content-Type": [
          "application/json"
        ],
        "Retry-After": [
          "30"
        ],
        "x-ms-request-id": [
          "823dd05b-efa7-431e-9015-80a471b278d8"
        ],
        "X-Content-Type-Options": [
          "nosniff"
        ],
        "DataServiceVersion": [
          "3.0;"
        ],
        "Strict-Transport-Security": [
          "max-age=31536000; includeSubDomains"
        ],
        "Azure-AsyncOperation": [
          "https://api-dogfood.resources.windows-int.net/subscriptions/b3ee3a7f-7614-4644-ad07-afa832620b4b/resourceGroups/onesdk5177/providers/Microsoft.Sql/servers/onesdk9102/databases/onesdk334/azureAsyncOperation/a7912ba5-a0eb-4aca-888b-d50c036cd328?api-version=2014-04-01-Preview"
        ],
        "x-ms-ratelimit-remaining-subscription-reads": [
          "14945"
        ],
        "x-ms-correlation-request-id": [
          "f9db01b8-fdd6-41df-9ac5-3388b9fee570"
        ],
        "x-ms-routing-request-id": [
          "WESTEUROPE:20170526T111244Z:f9db01b8-fdd6-41df-9ac5-3388b9fee570"
        ],
        "Cache-Control": [
          "no-store, no-cache"
        ],
        "Date": [
          "Fri, 26 May 2017 11:12:44 GMT"
        ],
        "Location": [
          "https://api-dogfood.resources.windows-int.net/subscriptions/b3ee3a7f-7614-4644-ad07-afa832620b4b/resourceGroups/onesdk5177/providers/Microsoft.Sql/servers/onesdk9102/databases/onesdk334/operationResults/a7912ba5-a0eb-4aca-888b-d50c036cd328?api-version=2014-04-01-Preview"
        ],
        "Server": [
          "Microsoft-HTTPAPI/2.0"
        ]
      },
      "StatusCode": 202
    },
    {
      "RequestUri": "/subscriptions/b3ee3a7f-7614-4644-ad07-afa832620b4b/resourceGroups/onesdk5177/providers/Microsoft.Sql/servers/onesdk9102/databases/onesdk334/operationResults/a7912ba5-a0eb-4aca-888b-d50c036cd328?api-version=2014-04-01-Preview",
      "EncodedRequestUri": "L3N1YnNjcmlwdGlvbnMvYjNlZTNhN2YtNzYxNC00NjQ0LWFkMDctYWZhODMyNjIwYjRiL3Jlc291cmNlR3JvdXBzL29uZXNkazUxNzcvcHJvdmlkZXJzL01pY3Jvc29mdC5TcWwvc2VydmVycy9vbmVzZGs5MTAyL2RhdGFiYXNlcy9vbmVzZGszMzQvb3BlcmF0aW9uUmVzdWx0cy9hNzkxMmJhNS1hMGViLTRhY2EtODg4Yi1kNTBjMDM2Y2QzMjg/YXBpLXZlcnNpb249MjAxNC0wNC0wMS1QcmV2aWV3",
      "RequestMethod": "GET",
      "RequestBody": "",
      "RequestHeaders": {
        "User-Agent": [
          "Microsoft.Azure.Management.Sql.LegacySdk.SqlManagementClient/3.0.0.0"
        ],
        "x-ms-client-request-id": [
          "4adf81a7-8c7e-4ec1-bd86-bc7c979d297e"
        ]
      },
      "ResponseBody": "{\r\n  \"id\": \"/subscriptions/b3ee3a7f-7614-4644-ad07-afa832620b4b/resourceGroups/onesdk5177/providers/Microsoft.Sql/servers/onesdk9102/databases/onesdk334\",\r\n  \"name\": \"onesdk334\",\r\n  \"type\": \"Microsoft.Sql/servers/databases\",\r\n  \"location\": \"West US 2\",\r\n  \"kind\": \"v12.0,user\",\r\n  \"properties\": {\r\n    \"databaseId\": \"5c278e19-fcd5-451e-85a3-1c9b249d524b\",\r\n    \"edition\": \"Standard\",\r\n    \"status\": \"Online\",\r\n    \"serviceLevelObjective\": \"S0\",\r\n    \"collation\": \"SQL_Latin1_General_CP1_CI_AS\",\r\n    \"maxSizeBytes\": \"268435456000\",\r\n    \"creationDate\": \"2017-05-26T11:12:13.777Z\",\r\n    \"currentServiceObjectiveId\": \"f1173c43-91bd-4aaa-973c-54e79e15235b\",\r\n    \"requestedServiceObjectiveId\": \"f1173c43-91bd-4aaa-973c-54e79e15235b\",\r\n    \"requestedServiceObjectiveName\": \"S0\",\r\n    \"sampleName\": null,\r\n    \"defaultSecondaryLocation\": \"East US 2\",\r\n    \"earliestRestoreDate\": \"2017-05-26T11:22:49.77Z\",\r\n    \"elasticPoolName\": null,\r\n    \"containmentState\": 2,\r\n    \"readScale\": \"Disabled\",\r\n    \"failoverGroupId\": null\r\n  }\r\n}",
      "ResponseHeaders": {
        "Content-Length": [
          "870"
        ],
        "Content-Type": [
          "application/json; odata=minimalmetadata; streaming=true; charset=utf-8"
        ],
        "x-ms-request-id": [
          "cee8dc5d-392a-4d6d-b78a-2093b33a93e3"
        ],
        "X-Content-Type-Options": [
          "nosniff"
        ],
        "DataServiceVersion": [
          "3.0;"
        ],
        "Strict-Transport-Security": [
          "max-age=31536000; includeSubDomains"
        ],
        "x-ms-ratelimit-remaining-subscription-reads": [
          "14944"
        ],
        "x-ms-correlation-request-id": [
          "a513f7c7-05bd-41a9-a609-e7e18d1402d3"
        ],
        "x-ms-routing-request-id": [
          "WESTEUROPE:20170526T111300Z:a513f7c7-05bd-41a9-a609-e7e18d1402d3"
        ],
        "Cache-Control": [
          "no-store, no-cache"
        ],
        "Date": [
          "Fri, 26 May 2017 11:12:59 GMT"
        ],
        "Server": [
          "Microsoft-HTTPAPI/2.0"
        ]
      },
      "StatusCode": 201
    },
    {
      "RequestUri": "/subscriptions/b3ee3a7f-7614-4644-ad07-afa832620b4b/resourceGroups/onesdk5177/providers/Microsoft.Sql/servers/onesdk9102/databases/onesdk4302/syncGroups/onesdk2994?api-version=2015-05-01-preview",
      "EncodedRequestUri": "L3N1YnNjcmlwdGlvbnMvYjNlZTNhN2YtNzYxNC00NjQ0LWFkMDctYWZhODMyNjIwYjRiL3Jlc291cmNlR3JvdXBzL29uZXNkazUxNzcvcHJvdmlkZXJzL01pY3Jvc29mdC5TcWwvc2VydmVycy9vbmVzZGs5MTAyL2RhdGFiYXNlcy9vbmVzZGs0MzAyL3N5bmNHcm91cHMvb25lc2RrMjk5ND9hcGktdmVyc2lvbj0yMDE1LTA1LTAxLXByZXZpZXc=",
      "RequestMethod": "GET",
      "RequestBody": "",
      "RequestHeaders": {
        "User-Agent": [
          "Microsoft.Azure.Management.Sql.LegacySdk.SqlManagementClient/3.0.0.0"
        ],
        "x-ms-client-request-id": [
          "6a3f20ff-a799-41fc-8ecb-cec585b5f43f"
        ]
      },
      "ResponseBody": "{\r\n  \"error\": {\r\n    \"code\": \"ResourceNotFound\",\r\n    \"message\": \"The requested resource of type 'Microsoft.Sql/servers/databases/syncGroups' with name 'onesdk2994' was not found.\"\r\n  }\r\n}",
      "ResponseHeaders": {
        "Content-Length": [
          "163"
        ],
        "Content-Type": [
          "application/json; charset=utf-8"
        ],
        "Expires": [
          "-1"
        ],
        "Pragma": [
          "no-cache"
        ],
        "x-ms-request-id": [
          "15a81107-5aaa-4907-a01d-be9382483e2d"
        ],
        "x-ms-ratelimit-remaining-subscription-reads": [
          "14943"
        ],
        "x-ms-correlation-request-id": [
          "3880d9fc-d16f-4e40-b337-108fc0f67a77"
        ],
        "x-ms-routing-request-id": [
          "WESTEUROPE:20170526T111301Z:3880d9fc-d16f-4e40-b337-108fc0f67a77"
        ],
        "Strict-Transport-Security": [
          "max-age=31536000; includeSubDomains"
        ],
        "Cache-Control": [
          "no-cache"
        ],
        "Date": [
          "Fri, 26 May 2017 11:13:01 GMT"
        ],
        "Server": [
          "Microsoft-HTTPAPI/2.0"
        ]
      },
      "StatusCode": 404
    },
    {
      "RequestUri": "/subscriptions/b3ee3a7f-7614-4644-ad07-afa832620b4b/resourceGroups/onesdk5177/providers/Microsoft.Sql/servers/onesdk9102/databases/onesdk4302/syncGroups/onesdk2994?api-version=2015-05-01-preview",
      "EncodedRequestUri": "L3N1YnNjcmlwdGlvbnMvYjNlZTNhN2YtNzYxNC00NjQ0LWFkMDctYWZhODMyNjIwYjRiL3Jlc291cmNlR3JvdXBzL29uZXNkazUxNzcvcHJvdmlkZXJzL01pY3Jvc29mdC5TcWwvc2VydmVycy9vbmVzZGs5MTAyL2RhdGFiYXNlcy9vbmVzZGs0MzAyL3N5bmNHcm91cHMvb25lc2RrMjk5ND9hcGktdmVyc2lvbj0yMDE1LTA1LTAxLXByZXZpZXc=",
      "RequestMethod": "GET",
      "RequestBody": "",
      "RequestHeaders": {
        "User-Agent": [
          "Microsoft.Azure.Management.Sql.LegacySdk.SqlManagementClient/3.0.0.0"
        ],
        "x-ms-client-request-id": [
          "bdb1fe4a-8098-4f7e-bcd0-9ed7b84906a9"
        ]
      },
      "ResponseBody": "{\r\n  \"id\": \"/subscriptions/b3ee3a7f-7614-4644-ad07-afa832620b4b/resourceGroups/onesdk5177/providers/Microsoft.Sql/servers/onesdk9102/databases/onesdk4302/syncGroups/onesdk2994\",\r\n  \"name\": \"onesdk2994\",\r\n  \"type\": \"Microsoft.Sql/servers/databases/syncGroups\",\r\n  \"kind\": \"\",\r\n  \"properties\": {\r\n    \"interval\": 300,\r\n    \"lastSyncTime\": \"0001-01-01T00:00:00Z\",\r\n    \"conflictResolutionPolicy\": \"HubWin\",\r\n    \"syncDatabaseId\": \"/subscriptions/b3ee3a7f-7614-4644-ad07-afa832620b4b/resourceGroups/onesdk5177/providers/Microsoft.Sql/servers/onesdk9102/databases/onesdk334\",\r\n    \"hubDatabaseUserName\": \"testusername\",\r\n    \"syncState\": \"NotReady\"\r\n  }\r\n}",
      "ResponseHeaders": {
        "Content-Length": [
          "578"
        ],
        "Content-Type": [
          "application/json; charset=utf-8"
        ],
        "Expires": [
          "-1"
        ],
        "Pragma": [
          "no-cache"
        ],
        "x-ms-request-id": [
          "ceb4413c-8f11-4063-8ce4-0f358b8dd2e3"
        ],
        "x-ms-ratelimit-remaining-subscription-reads": [
          "14939"
        ],
        "x-ms-correlation-request-id": [
          "cfb7a94b-0fd6-43a8-934a-da4039dffa81"
        ],
        "x-ms-routing-request-id": [
          "WESTEUROPE:20170526T111335Z:cfb7a94b-0fd6-43a8-934a-da4039dffa81"
        ],
        "Strict-Transport-Security": [
          "max-age=31536000; includeSubDomains"
        ],
        "Cache-Control": [
          "no-cache"
        ],
        "Date": [
          "Fri, 26 May 2017 11:13:35 GMT"
        ],
        "Server": [
          "Microsoft-HTTPAPI/2.0"
        ]
      },
      "StatusCode": 200
    },
    {
      "RequestUri": "/subscriptions/b3ee3a7f-7614-4644-ad07-afa832620b4b/resourceGroups/onesdk5177/providers/Microsoft.Sql/servers/onesdk9102/databases/onesdk4302/syncGroups/onesdk2994?api-version=2015-05-01-preview",
      "EncodedRequestUri": "L3N1YnNjcmlwdGlvbnMvYjNlZTNhN2YtNzYxNC00NjQ0LWFkMDctYWZhODMyNjIwYjRiL3Jlc291cmNlR3JvdXBzL29uZXNkazUxNzcvcHJvdmlkZXJzL01pY3Jvc29mdC5TcWwvc2VydmVycy9vbmVzZGs5MTAyL2RhdGFiYXNlcy9vbmVzZGs0MzAyL3N5bmNHcm91cHMvb25lc2RrMjk5ND9hcGktdmVyc2lvbj0yMDE1LTA1LTAxLXByZXZpZXc=",
      "RequestMethod": "GET",
      "RequestBody": "",
      "RequestHeaders": {
        "User-Agent": [
          "Microsoft.Azure.Management.Sql.LegacySdk.SqlManagementClient/3.0.0.0"
        ],
        "x-ms-client-request-id": [
          "3f65b589-b92f-4618-91c8-00a6ae6ceef3"
        ]
      },
      "ResponseBody": "{\r\n  \"id\": \"/subscriptions/b3ee3a7f-7614-4644-ad07-afa832620b4b/resourceGroups/onesdk5177/providers/Microsoft.Sql/servers/onesdk9102/databases/onesdk4302/syncGroups/onesdk2994\",\r\n  \"name\": \"onesdk2994\",\r\n  \"type\": \"Microsoft.Sql/servers/databases/syncGroups\",\r\n  \"kind\": \"\",\r\n  \"properties\": {\r\n    \"interval\": 300,\r\n    \"lastSyncTime\": \"0001-01-01T00:00:00Z\",\r\n    \"conflictResolutionPolicy\": \"HubWin\",\r\n    \"syncDatabaseId\": \"/subscriptions/b3ee3a7f-7614-4644-ad07-afa832620b4b/resourceGroups/onesdk5177/providers/Microsoft.Sql/servers/onesdk9102/databases/onesdk334\",\r\n    \"hubDatabaseUserName\": \"testusername\",\r\n    \"syncState\": \"NotReady\"\r\n  }\r\n}",
      "ResponseHeaders": {
        "Content-Length": [
          "578"
        ],
        "Content-Type": [
          "application/json; charset=utf-8"
        ],
        "Expires": [
          "-1"
        ],
        "Pragma": [
          "no-cache"
        ],
        "x-ms-request-id": [
          "4e093240-e460-45db-b34a-21f98b8331cf"
        ],
        "x-ms-ratelimit-remaining-subscription-reads": [
          "14938"
        ],
        "x-ms-correlation-request-id": [
          "390b4b87-779c-462b-b274-c8c3c914859e"
        ],
        "x-ms-routing-request-id": [
          "WESTEUROPE:20170526T111336Z:390b4b87-779c-462b-b274-c8c3c914859e"
        ],
        "Strict-Transport-Security": [
          "max-age=31536000; includeSubDomains"
        ],
        "Cache-Control": [
          "no-cache"
        ],
        "Date": [
          "Fri, 26 May 2017 11:13:36 GMT"
        ],
        "Server": [
          "Microsoft-HTTPAPI/2.0"
        ]
      },
      "StatusCode": 200
    },
    {
      "RequestUri": "/subscriptions/b3ee3a7f-7614-4644-ad07-afa832620b4b/resourceGroups/onesdk5177/providers/Microsoft.Sql/servers/onesdk9102/databases/onesdk4302/syncGroups/onesdk2994?api-version=2015-05-01-preview",
      "EncodedRequestUri": "L3N1YnNjcmlwdGlvbnMvYjNlZTNhN2YtNzYxNC00NjQ0LWFkMDctYWZhODMyNjIwYjRiL3Jlc291cmNlR3JvdXBzL29uZXNkazUxNzcvcHJvdmlkZXJzL01pY3Jvc29mdC5TcWwvc2VydmVycy9vbmVzZGs5MTAyL2RhdGFiYXNlcy9vbmVzZGs0MzAyL3N5bmNHcm91cHMvb25lc2RrMjk5ND9hcGktdmVyc2lvbj0yMDE1LTA1LTAxLXByZXZpZXc=",
      "RequestMethod": "PUT",
      "RequestBody": "{\r\n  \"properties\": {\r\n    \"interval\": 300,\r\n    \"conflictResolutionPolicy\": \"HubWin\",\r\n    \"syncDatabaseId\": \"/subscriptions/b3ee3a7f-7614-4644-ad07-afa832620b4b/resourceGroups/onesdk5177/providers/Microsoft.Sql/servers/onesdk9102/databases/onesdk334\",\r\n    \"hubDatabaseUserName\": \"testusername\",\r\n    \"hubDatabasePassword\": \"t357ingP@s5w0rd!\"\r\n  }\r\n}",
      "RequestHeaders": {
        "Content-Type": [
          "application/json; charset=utf-8"
        ],
        "Content-Length": [
          "351"
        ],
        "User-Agent": [
          "Microsoft.Azure.Management.Sql.LegacySdk.SqlManagementClient/3.0.0.0"
        ],
        "x-ms-client-request-id": [
          "420c19e0-0482-46c7-8139-1185852b5d5c"
        ]
      },
      "ResponseBody": "{\r\n  \"operation\": \"UpsertSyncGroup\",\r\n  \"startTime\": \"2017-05-26T11:13:00.66Z\"\r\n}",
      "ResponseHeaders": {
        "Content-Length": [
          "69"
        ],
        "Content-Type": [
          "application/json; charset=utf-8"
        ],
        "Expires": [
          "-1"
        ],
        "Pragma": [
          "no-cache"
        ],
        "Retry-After": [
          "15"
        ],
        "x-ms-request-id": [
          "caffc8ce-2ac6-4a8a-9f05-750b6b8dd695"
        ],
        "x-ms-ratelimit-remaining-subscription-writes": [
          "1184"
        ],
        "x-ms-correlation-request-id": [
          "3a5b0936-46b9-4deb-ab03-894540c6e878"
        ],
        "x-ms-routing-request-id": [
          "WESTEUROPE:20170526T111302Z:3a5b0936-46b9-4deb-ab03-894540c6e878"
        ],
        "Strict-Transport-Security": [
          "max-age=31536000; includeSubDomains"
        ],
        "Cache-Control": [
          "no-cache"
        ],
        "Date": [
          "Fri, 26 May 2017 11:13:02 GMT"
        ],
        "Location": [
          "https://api-dogfood.resources.windows-int.net/subscriptions/b3ee3a7f-7614-4644-ad07-afa832620b4b/providers/Microsoft.Sql/locations/West%20US%202/syncGroupOperationResults/caffc8ce-2ac6-4a8a-9f05-750b6b8dd695?api-version=2015-05-01-preview"
        ],
        "Server": [
          "Microsoft-HTTPAPI/2.0"
        ]
      },
      "StatusCode": 202
    },
    {
      "RequestUri": "/subscriptions/b3ee3a7f-7614-4644-ad07-afa832620b4b/providers/Microsoft.Sql/locations/West%20US%202/syncGroupOperationResults/caffc8ce-2ac6-4a8a-9f05-750b6b8dd695?api-version=2015-05-01-preview",
      "EncodedRequestUri": "L3N1YnNjcmlwdGlvbnMvYjNlZTNhN2YtNzYxNC00NjQ0LWFkMDctYWZhODMyNjIwYjRiL3Byb3ZpZGVycy9NaWNyb3NvZnQuU3FsL2xvY2F0aW9ucy9XZXN0JTIwVVMlMjAyL3N5bmNHcm91cE9wZXJhdGlvblJlc3VsdHMvY2FmZmM4Y2UtMmFjNi00YThhLTlmMDUtNzUwYjZiOGRkNjk1P2FwaS12ZXJzaW9uPTIwMTUtMDUtMDEtcHJldmlldw==",
      "RequestMethod": "GET",
      "RequestBody": "",
      "RequestHeaders": {
        "User-Agent": [
          "Microsoft.Azure.Management.Sql.LegacySdk.SqlManagementClient/3.0.0.0"
        ],
        "x-ms-client-request-id": [
          "420c19e0-0482-46c7-8139-1185852b5d5c"
        ]
      },
      "ResponseBody": "{\r\n  \"operation\": \"UpsertSyncGroup\",\r\n  \"startTime\": \"2017-05-26T11:13:00.66Z\"\r\n}",
      "ResponseHeaders": {
        "Content-Length": [
          "69"
        ],
        "Content-Type": [
          "application/json; charset=utf-8"
        ],
        "Expires": [
          "-1"
        ],
        "Pragma": [
          "no-cache"
        ],
        "Retry-After": [
          "15"
        ],
        "x-ms-request-id": [
          "f8c6e638-b3c7-4ac7-aa77-2bc78a1cbe4b"
        ],
        "x-ms-ratelimit-remaining-subscription-reads": [
          "14942"
        ],
        "x-ms-correlation-request-id": [
          "8a861c0f-19d8-4528-9f42-9ccd03c2fcbc"
        ],
        "x-ms-routing-request-id": [
          "WESTEUROPE:20170526T111304Z:8a861c0f-19d8-4528-9f42-9ccd03c2fcbc"
        ],
        "Strict-Transport-Security": [
          "max-age=31536000; includeSubDomains"
        ],
        "Cache-Control": [
          "no-cache"
        ],
        "Date": [
          "Fri, 26 May 2017 11:13:03 GMT"
        ],
        "Location": [
          "https://api-dogfood.resources.windows-int.net/subscriptions/b3ee3a7f-7614-4644-ad07-afa832620b4b/providers/Microsoft.Sql/locations/West%20US%202/syncGroupOperationResults/caffc8ce-2ac6-4a8a-9f05-750b6b8dd695?api-version=2015-05-01-preview"
        ],
        "Server": [
          "Microsoft-HTTPAPI/2.0"
        ]
      },
      "StatusCode": 202
    },
    {
      "RequestUri": "/subscriptions/b3ee3a7f-7614-4644-ad07-afa832620b4b/providers/Microsoft.Sql/locations/West%20US%202/syncGroupOperationResults/caffc8ce-2ac6-4a8a-9f05-750b6b8dd695?api-version=2015-05-01-preview",
      "EncodedRequestUri": "L3N1YnNjcmlwdGlvbnMvYjNlZTNhN2YtNzYxNC00NjQ0LWFkMDctYWZhODMyNjIwYjRiL3Byb3ZpZGVycy9NaWNyb3NvZnQuU3FsL2xvY2F0aW9ucy9XZXN0JTIwVVMlMjAyL3N5bmNHcm91cE9wZXJhdGlvblJlc3VsdHMvY2FmZmM4Y2UtMmFjNi00YThhLTlmMDUtNzUwYjZiOGRkNjk1P2FwaS12ZXJzaW9uPTIwMTUtMDUtMDEtcHJldmlldw==",
      "RequestMethod": "GET",
      "RequestBody": "",
      "RequestHeaders": {
        "User-Agent": [
          "Microsoft.Azure.Management.Sql.LegacySdk.SqlManagementClient/3.0.0.0"
        ],
        "x-ms-client-request-id": [
          "420c19e0-0482-46c7-8139-1185852b5d5c"
        ]
      },
      "ResponseBody": "{\r\n  \"operation\": \"UpsertSyncGroup\",\r\n  \"startTime\": \"2017-05-26T11:13:00.66Z\"\r\n}",
      "ResponseHeaders": {
        "Content-Length": [
          "69"
        ],
        "Content-Type": [
          "application/json; charset=utf-8"
        ],
        "Expires": [
          "-1"
        ],
        "Pragma": [
          "no-cache"
        ],
        "Retry-After": [
          "15"
        ],
        "x-ms-request-id": [
          "90872686-1936-46f0-b5a7-bb1905f23e55"
        ],
        "x-ms-ratelimit-remaining-subscription-reads": [
          "14941"
        ],
        "x-ms-correlation-request-id": [
          "f106ca99-c374-4449-9deb-f4dcbd083c18"
        ],
        "x-ms-routing-request-id": [
          "WESTEUROPE:20170526T111319Z:f106ca99-c374-4449-9deb-f4dcbd083c18"
        ],
        "Strict-Transport-Security": [
          "max-age=31536000; includeSubDomains"
        ],
        "Cache-Control": [
          "no-cache"
        ],
        "Date": [
          "Fri, 26 May 2017 11:13:19 GMT"
        ],
        "Location": [
          "https://api-dogfood.resources.windows-int.net/subscriptions/b3ee3a7f-7614-4644-ad07-afa832620b4b/providers/Microsoft.Sql/locations/West%20US%202/syncGroupOperationResults/caffc8ce-2ac6-4a8a-9f05-750b6b8dd695?api-version=2015-05-01-preview"
        ],
        "Server": [
          "Microsoft-HTTPAPI/2.0"
        ]
      },
      "StatusCode": 202
    },
    {
      "RequestUri": "/subscriptions/b3ee3a7f-7614-4644-ad07-afa832620b4b/providers/Microsoft.Sql/locations/West%20US%202/syncGroupOperationResults/caffc8ce-2ac6-4a8a-9f05-750b6b8dd695?api-version=2015-05-01-preview",
      "EncodedRequestUri": "L3N1YnNjcmlwdGlvbnMvYjNlZTNhN2YtNzYxNC00NjQ0LWFkMDctYWZhODMyNjIwYjRiL3Byb3ZpZGVycy9NaWNyb3NvZnQuU3FsL2xvY2F0aW9ucy9XZXN0JTIwVVMlMjAyL3N5bmNHcm91cE9wZXJhdGlvblJlc3VsdHMvY2FmZmM4Y2UtMmFjNi00YThhLTlmMDUtNzUwYjZiOGRkNjk1P2FwaS12ZXJzaW9uPTIwMTUtMDUtMDEtcHJldmlldw==",
      "RequestMethod": "GET",
      "RequestBody": "",
      "RequestHeaders": {
        "User-Agent": [
          "Microsoft.Azure.Management.Sql.LegacySdk.SqlManagementClient/3.0.0.0"
        ],
        "x-ms-client-request-id": [
          "420c19e0-0482-46c7-8139-1185852b5d5c"
        ]
      },
      "ResponseBody": "{\r\n  \"id\": \"/subscriptions/b3ee3a7f-7614-4644-ad07-afa832620b4b/resourceGroups/onesdk5177/providers/Microsoft.Sql/servers/onesdk9102/databases/onesdk4302/syncGroups/onesdk2994\",\r\n  \"name\": \"onesdk2994\",\r\n  \"type\": \"Microsoft.Sql/servers/databases/syncGroups\",\r\n  \"kind\": \"\",\r\n  \"properties\": {\r\n    \"interval\": 300,\r\n    \"lastSyncTime\": \"0001-01-01T00:00:00Z\",\r\n    \"conflictResolutionPolicy\": \"HubWin\",\r\n    \"syncDatabaseId\": \"/subscriptions/b3ee3a7f-7614-4644-ad07-afa832620b4b/resourceGroups/onesdk5177/providers/Microsoft.Sql/servers/onesdk9102/databases/onesdk334\",\r\n    \"syncState\": \"Good\"\r\n  }\r\n}",
      "ResponseHeaders": {
        "Content-Length": [
          "537"
        ],
        "Content-Type": [
          "application/json; charset=utf-8"
        ],
        "Expires": [
          "-1"
        ],
        "Pragma": [
          "no-cache"
        ],
        "x-ms-request-id": [
          "a5c65a7d-4d1b-48d3-842d-52b400015493"
        ],
        "x-ms-ratelimit-remaining-subscription-reads": [
          "14940"
        ],
        "x-ms-correlation-request-id": [
          "4cbc8d91-afe3-454f-8bab-936ab61ef860"
        ],
        "x-ms-routing-request-id": [
          "WESTEUROPE:20170526T111335Z:4cbc8d91-afe3-454f-8bab-936ab61ef860"
        ],
        "Strict-Transport-Security": [
          "max-age=31536000; includeSubDomains"
        ],
        "Cache-Control": [
          "no-cache"
        ],
        "Date": [
          "Fri, 26 May 2017 11:13:35 GMT"
        ],
        "Server": [
          "Microsoft-HTTPAPI/2.0"
        ]
      },
      "StatusCode": 201
    },
    {
      "RequestUri": "/subscriptions/b3ee3a7f-7614-4644-ad07-afa832620b4b/resourceGroups/onesdk5177/providers/Microsoft.Sql/servers/onesdk9102/databases/onesdk4302/syncGroups?api-version=2015-05-01-preview",
      "EncodedRequestUri": "L3N1YnNjcmlwdGlvbnMvYjNlZTNhN2YtNzYxNC00NjQ0LWFkMDctYWZhODMyNjIwYjRiL3Jlc291cmNlR3JvdXBzL29uZXNkazUxNzcvcHJvdmlkZXJzL01pY3Jvc29mdC5TcWwvc2VydmVycy9vbmVzZGs5MTAyL2RhdGFiYXNlcy9vbmVzZGs0MzAyL3N5bmNHcm91cHM/YXBpLXZlcnNpb249MjAxNS0wNS0wMS1wcmV2aWV3",
      "RequestMethod": "GET",
      "RequestBody": "",
      "RequestHeaders": {
        "User-Agent": [
          "Microsoft.Azure.Management.Sql.LegacySdk.SqlManagementClient/3.0.0.0"
        ],
        "x-ms-client-request-id": [
          "d24da4c9-6003-4c79-8ada-9d41420f8b0b"
        ]
      },
      "ResponseBody": "{\r\n  \"value\": [\r\n    {\r\n      \"id\": \"/subscriptions/b3ee3a7f-7614-4644-ad07-afa832620b4b/resourceGroups/onesdk5177/providers/Microsoft.Sql/servers/onesdk9102/databases/onesdk4302/syncGroups/onesdk2994\",\r\n      \"name\": \"onesdk2994\",\r\n      \"type\": \"Microsoft.Sql/servers/databases/syncGroups\",\r\n      \"kind\": \"\",\r\n      \"properties\": {\r\n        \"interval\": 300,\r\n        \"lastSyncTime\": \"0001-01-01T00:00:00Z\",\r\n        \"conflictResolutionPolicy\": \"HubWin\",\r\n        \"syncDatabaseId\": \"/subscriptions/b3ee3a7f-7614-4644-ad07-afa832620b4b/resourceGroups/onesdk5177/providers/Microsoft.Sql/servers/onesdk9102/databases/onesdk334\",\r\n        \"hubDatabaseUserName\": \"testusername\",\r\n        \"syncState\": \"NotReady\"\r\n      }\r\n    }\r\n  ]\r\n}",
      "ResponseHeaders": {
        "Content-Length": [
          "590"
        ],
        "Content-Type": [
          "application/json; charset=utf-8"
        ],
        "Expires": [
          "-1"
        ],
        "Pragma": [
          "no-cache"
        ],
        "x-ms-request-id": [
          "5a00e35a-a516-46ab-9e09-cb0f154fdbe8"
        ],
        "x-ms-ratelimit-remaining-subscription-reads": [
          "14937"
        ],
        "x-ms-correlation-request-id": [
          "02e47121-120a-4e2d-8bf5-39797273d98d"
        ],
        "x-ms-routing-request-id": [
          "WESTEUROPE:20170526T111337Z:02e47121-120a-4e2d-8bf5-39797273d98d"
        ],
        "Strict-Transport-Security": [
          "max-age=31536000; includeSubDomains"
        ],
        "Cache-Control": [
          "no-cache"
        ],
        "Date": [
          "Fri, 26 May 2017 11:13:37 GMT"
        ],
        "Server": [
          "Microsoft-HTTPAPI/2.0"
        ]
      },
      "StatusCode": 200
    },
    {
      "RequestUri": "/subscriptions/b3ee3a7f-7614-4644-ad07-afa832620b4b/resourceGroups/onesdk5177/providers/Microsoft.Sql/servers/onesdk9102?api-version=2014-04-01",
      "EncodedRequestUri": "L3N1YnNjcmlwdGlvbnMvYjNlZTNhN2YtNzYxNC00NjQ0LWFkMDctYWZhODMyNjIwYjRiL3Jlc291cmNlR3JvdXBzL29uZXNkazUxNzcvcHJvdmlkZXJzL01pY3Jvc29mdC5TcWwvc2VydmVycy9vbmVzZGs5MTAyP2FwaS12ZXJzaW9uPTIwMTQtMDQtMDE=",
      "RequestMethod": "DELETE",
      "RequestBody": "",
      "RequestHeaders": {
        "x-ms-client-request-id": [
          "9168630c-4dc1-4a2d-92b7-370f9c82bb14"
        ],
        "accept-language": [
          "en-US"
        ],
        "User-Agent": [
          "FxVersion/4.7.2046.0",
          "OSName/Windows10Enterprise",
          "OSVersion/6.3.15063",
          "Microsoft.Azure.Management.Sql.SqlManagementClient/1.3.0.0"
        ]
      },
      "ResponseBody": "",
      "ResponseHeaders": {
        "Content-Length": [
          "0"
        ],
        "Content-Type": [
          "application/xml; charset=utf-8"
        ],
        "x-ms-request-id": [
          "fe1a8eda-c916-4f3b-9db5-93b2c4312297"
        ],
        "X-Content-Type-Options": [
          "nosniff"
        ],
        "DataServiceVersion": [
          "1.0;"
        ],
        "Strict-Transport-Security": [
          "max-age=31536000; includeSubDomains"
        ],
        "x-ms-ratelimit-remaining-subscription-writes": [
          "1186"
        ],
        "x-ms-correlation-request-id": [
          "aff5c118-b643-4fd8-a651-5c485b6cd8d5"
        ],
        "x-ms-routing-request-id": [
          "WESTEUROPE:20170526T111407Z:aff5c118-b643-4fd8-a651-5c485b6cd8d5"
        ],
        "Cache-Control": [
          "no-store, no-cache"
        ],
        "Date": [
          "Fri, 26 May 2017 11:14:07 GMT"
        ],
        "Server": [
          "Microsoft-HTTPAPI/2.0"
        ]
      },
      "StatusCode": 200
    },
    {
      "RequestUri": "/subscriptions/b3ee3a7f-7614-4644-ad07-afa832620b4b/resourcegroups/onesdk5177?api-version=2016-02-01",
      "EncodedRequestUri": "L3N1YnNjcmlwdGlvbnMvYjNlZTNhN2YtNzYxNC00NjQ0LWFkMDctYWZhODMyNjIwYjRiL3Jlc291cmNlZ3JvdXBzL29uZXNkazUxNzc/YXBpLXZlcnNpb249MjAxNi0wMi0wMQ==",
      "RequestMethod": "DELETE",
      "RequestBody": "",
      "RequestHeaders": {
        "User-Agent": [
          "Microsoft.Azure.Management.Resources.ResourceManagementClient/2.0.0.0"
        ]
      },
      "ResponseBody": "",
      "ResponseHeaders": {
        "Content-Length": [
          "0"
        ],
        "Expires": [
          "-1"
        ],
        "Pragma": [
          "no-cache"
        ],
        "Retry-After": [
          "15"
        ],
        "x-ms-ratelimit-remaining-subscription-writes": [
          "1195"
        ],
        "x-ms-request-id": [
          "447157cd-cd9b-4752-9e81-b8ec41a8d017"
        ],
        "x-ms-correlation-request-id": [
          "447157cd-cd9b-4752-9e81-b8ec41a8d017"
        ],
        "x-ms-routing-request-id": [
          "CENTRALUS:20170526T111411Z:447157cd-cd9b-4752-9e81-b8ec41a8d017"
        ],
        "Strict-Transport-Security": [
          "max-age=31536000; includeSubDomains"
        ],
        "Cache-Control": [
          "no-cache"
        ],
        "Date": [
          "Fri, 26 May 2017 11:14:10 GMT"
        ],
        "Location": [
          "https://api-dogfood.resources.windows-int.net/subscriptions/b3ee3a7f-7614-4644-ad07-afa832620b4b/operationresults/eyJqb2JJZCI6IlJFU09VUkNFR1JPVVBERUxFVElPTkpPQi1PTkVTREs1MTc3LUpBUEFORUFTVCIsImpvYkxvY2F0aW9uIjoiamFwYW5lYXN0In0?api-version=2016-02-01"
        ]
      },
      "StatusCode": 202
    },
    {
      "RequestUri": "/subscriptions/b3ee3a7f-7614-4644-ad07-afa832620b4b/operationresults/eyJqb2JJZCI6IlJFU09VUkNFR1JPVVBERUxFVElPTkpPQi1PTkVTREs1MTc3LUpBUEFORUFTVCIsImpvYkxvY2F0aW9uIjoiamFwYW5lYXN0In0?api-version=2016-02-01",
      "EncodedRequestUri": "L3N1YnNjcmlwdGlvbnMvYjNlZTNhN2YtNzYxNC00NjQ0LWFkMDctYWZhODMyNjIwYjRiL29wZXJhdGlvbnJlc3VsdHMvZXlKcWIySkpaQ0k2SWxKRlUwOVZVa05GUjFKUFZWQkVSVXhGVkVsUFRrcFBRaTFQVGtWVFJFczFNVGMzTFVwQlVFRk9SVUZUVkNJc0ltcHZZa3h2WTJGMGFXOXVJam9pYW1Gd1lXNWxZWE4wSW4wP2FwaS12ZXJzaW9uPTIwMTYtMDItMDE=",
      "RequestMethod": "GET",
      "RequestBody": "",
      "RequestHeaders": {
        "x-ms-version": [
          "2016-02-01"
        ],
        "User-Agent": [
          "Microsoft.Azure.Management.Resources.ResourceManagementClient/2.0.0.0"
        ]
      },
      "ResponseBody": "",
      "ResponseHeaders": {
        "Content-Length": [
          "0"
        ],
        "Expires": [
          "-1"
        ],
        "Pragma": [
          "no-cache"
        ],
        "Retry-After": [
          "15"
        ],
        "x-ms-ratelimit-remaining-subscription-reads": [
          "14987"
        ],
        "x-ms-request-id": [
          "482d281e-7a45-4bb1-bbd2-84029ec1d656"
        ],
        "x-ms-correlation-request-id": [
          "482d281e-7a45-4bb1-bbd2-84029ec1d656"
        ],
        "x-ms-routing-request-id": [
          "CENTRALUS:20170526T111411Z:482d281e-7a45-4bb1-bbd2-84029ec1d656"
        ],
        "Strict-Transport-Security": [
          "max-age=31536000; includeSubDomains"
        ],
        "Cache-Control": [
          "no-cache"
        ],
        "Date": [
          "Fri, 26 May 2017 11:14:10 GMT"
        ],
        "Location": [
          "https://api-dogfood.resources.windows-int.net/subscriptions/b3ee3a7f-7614-4644-ad07-afa832620b4b/operationresults/eyJqb2JJZCI6IlJFU09VUkNFR1JPVVBERUxFVElPTkpPQi1PTkVTREs1MTc3LUpBUEFORUFTVCIsImpvYkxvY2F0aW9uIjoiamFwYW5lYXN0In0?api-version=2016-02-01"
        ]
      },
      "StatusCode": 202
    },
    {
      "RequestUri": "/subscriptions/b3ee3a7f-7614-4644-ad07-afa832620b4b/operationresults/eyJqb2JJZCI6IlJFU09VUkNFR1JPVVBERUxFVElPTkpPQi1PTkVTREs1MTc3LUpBUEFORUFTVCIsImpvYkxvY2F0aW9uIjoiamFwYW5lYXN0In0?api-version=2016-02-01",
      "EncodedRequestUri": "L3N1YnNjcmlwdGlvbnMvYjNlZTNhN2YtNzYxNC00NjQ0LWFkMDctYWZhODMyNjIwYjRiL29wZXJhdGlvbnJlc3VsdHMvZXlKcWIySkpaQ0k2SWxKRlUwOVZVa05GUjFKUFZWQkVSVXhGVkVsUFRrcFBRaTFQVGtWVFJFczFNVGMzTFVwQlVFRk9SVUZUVkNJc0ltcHZZa3h2WTJGMGFXOXVJam9pYW1Gd1lXNWxZWE4wSW4wP2FwaS12ZXJzaW9uPTIwMTYtMDItMDE=",
      "RequestMethod": "GET",
      "RequestBody": "",
      "RequestHeaders": {
        "x-ms-version": [
          "2016-02-01"
        ],
        "User-Agent": [
          "Microsoft.Azure.Management.Resources.ResourceManagementClient/2.0.0.0"
        ]
      },
      "ResponseBody": "",
      "ResponseHeaders": {
        "Content-Length": [
          "0"
        ],
        "Expires": [
          "-1"
        ],
        "Pragma": [
          "no-cache"
        ],
        "Retry-After": [
          "15"
        ],
        "x-ms-ratelimit-remaining-subscription-reads": [
          "14986"
        ],
        "x-ms-request-id": [
          "615da33a-9320-4c0f-a12e-f392e008019a"
        ],
        "x-ms-correlation-request-id": [
          "615da33a-9320-4c0f-a12e-f392e008019a"
        ],
        "x-ms-routing-request-id": [
          "CENTRALUS:20170526T111427Z:615da33a-9320-4c0f-a12e-f392e008019a"
        ],
        "Strict-Transport-Security": [
          "max-age=31536000; includeSubDomains"
        ],
        "Cache-Control": [
          "no-cache"
        ],
        "Date": [
          "Fri, 26 May 2017 11:14:27 GMT"
        ],
        "Location": [
          "https://api-dogfood.resources.windows-int.net/subscriptions/b3ee3a7f-7614-4644-ad07-afa832620b4b/operationresults/eyJqb2JJZCI6IlJFU09VUkNFR1JPVVBERUxFVElPTkpPQi1PTkVTREs1MTc3LUpBUEFORUFTVCIsImpvYkxvY2F0aW9uIjoiamFwYW5lYXN0In0?api-version=2016-02-01"
        ]
      },
      "StatusCode": 202
    },
    {
      "RequestUri": "/subscriptions/b3ee3a7f-7614-4644-ad07-afa832620b4b/operationresults/eyJqb2JJZCI6IlJFU09VUkNFR1JPVVBERUxFVElPTkpPQi1PTkVTREs1MTc3LUpBUEFORUFTVCIsImpvYkxvY2F0aW9uIjoiamFwYW5lYXN0In0?api-version=2016-02-01",
      "EncodedRequestUri": "L3N1YnNjcmlwdGlvbnMvYjNlZTNhN2YtNzYxNC00NjQ0LWFkMDctYWZhODMyNjIwYjRiL29wZXJhdGlvbnJlc3VsdHMvZXlKcWIySkpaQ0k2SWxKRlUwOVZVa05GUjFKUFZWQkVSVXhGVkVsUFRrcFBRaTFQVGtWVFJFczFNVGMzTFVwQlVFRk9SVUZUVkNJc0ltcHZZa3h2WTJGMGFXOXVJam9pYW1Gd1lXNWxZWE4wSW4wP2FwaS12ZXJzaW9uPTIwMTYtMDItMDE=",
      "RequestMethod": "GET",
      "RequestBody": "",
      "RequestHeaders": {
        "x-ms-version": [
          "2016-02-01"
        ],
        "User-Agent": [
          "Microsoft.Azure.Management.Resources.ResourceManagementClient/2.0.0.0"
        ]
      },
      "ResponseBody": "",
      "ResponseHeaders": {
        "Content-Length": [
          "0"
        ],
        "Expires": [
          "-1"
        ],
        "Pragma": [
          "no-cache"
        ],
        "Retry-After": [
          "15"
        ],
        "x-ms-ratelimit-remaining-subscription-reads": [
          "14985"
        ],
        "x-ms-request-id": [
          "eafaa129-affa-4eb2-a5c9-ca4fcdea2958"
        ],
        "x-ms-correlation-request-id": [
          "eafaa129-affa-4eb2-a5c9-ca4fcdea2958"
        ],
        "x-ms-routing-request-id": [
          "CENTRALUS:20170526T111443Z:eafaa129-affa-4eb2-a5c9-ca4fcdea2958"
        ],
        "Strict-Transport-Security": [
          "max-age=31536000; includeSubDomains"
        ],
        "Cache-Control": [
          "no-cache"
        ],
        "Date": [
          "Fri, 26 May 2017 11:14:42 GMT"
        ],
        "Location": [
          "https://api-dogfood.resources.windows-int.net/subscriptions/b3ee3a7f-7614-4644-ad07-afa832620b4b/operationresults/eyJqb2JJZCI6IlJFU09VUkNFR1JPVVBERUxFVElPTkpPQi1PTkVTREs1MTc3LUpBUEFORUFTVCIsImpvYkxvY2F0aW9uIjoiamFwYW5lYXN0In0?api-version=2016-02-01"
        ]
      },
      "StatusCode": 202
    },
    {
      "RequestUri": "/subscriptions/b3ee3a7f-7614-4644-ad07-afa832620b4b/operationresults/eyJqb2JJZCI6IlJFU09VUkNFR1JPVVBERUxFVElPTkpPQi1PTkVTREs1MTc3LUpBUEFORUFTVCIsImpvYkxvY2F0aW9uIjoiamFwYW5lYXN0In0?api-version=2016-02-01",
      "EncodedRequestUri": "L3N1YnNjcmlwdGlvbnMvYjNlZTNhN2YtNzYxNC00NjQ0LWFkMDctYWZhODMyNjIwYjRiL29wZXJhdGlvbnJlc3VsdHMvZXlKcWIySkpaQ0k2SWxKRlUwOVZVa05GUjFKUFZWQkVSVXhGVkVsUFRrcFBRaTFQVGtWVFJFczFNVGMzTFVwQlVFRk9SVUZUVkNJc0ltcHZZa3h2WTJGMGFXOXVJam9pYW1Gd1lXNWxZWE4wSW4wP2FwaS12ZXJzaW9uPTIwMTYtMDItMDE=",
      "RequestMethod": "GET",
      "RequestBody": "",
      "RequestHeaders": {
        "x-ms-version": [
          "2016-02-01"
        ],
        "User-Agent": [
          "Microsoft.Azure.Management.Resources.ResourceManagementClient/2.0.0.0"
        ]
      },
      "ResponseBody": "",
      "ResponseHeaders": {
        "Content-Length": [
          "0"
        ],
        "Expires": [
          "-1"
        ],
        "Pragma": [
          "no-cache"
        ],
        "x-ms-ratelimit-remaining-subscription-reads": [
          "14984"
        ],
        "x-ms-request-id": [
          "47924af4-ac03-424c-b146-8b0a62c23b85"
        ],
        "x-ms-correlation-request-id": [
          "47924af4-ac03-424c-b146-8b0a62c23b85"
        ],
        "x-ms-routing-request-id": [
          "CENTRALUS:20170526T111458Z:47924af4-ac03-424c-b146-8b0a62c23b85"
        ],
        "Strict-Transport-Security": [
          "max-age=31536000; includeSubDomains"
        ],
        "Cache-Control": [
          "no-cache"
        ],
        "Date": [
          "Fri, 26 May 2017 11:14:57 GMT"
        ]
      },
      "StatusCode": 200
    }
  ],
  "Names": {
    "Test-GetAndListSyncGroups": [
      "onesdk5177",
      "onesdk9102",
      "onesdk4302",
      "onesdk334",
      "onesdk2994"
    ]
  },
  "Variables": {
    "SubscriptionId": "b3ee3a7f-7614-4644-ad07-afa832620b4b",
    "User": "fangl@microsoft.com",
    "TenantId": "f686d426-8d16-42db-81b7-ab578e110ccd"
  }
}